Archive member included to satisfy reference by file (symbol)

C:/ST/STM32CubeIDE_1.19.0/STM32CubeIDE/plugins/com.st.stm32cube.ide.mcu.externaltools.gnu-tools-for-stm32.13.3.rel1.win32_1.0.0.202411081344/tools/bin/../lib/gcc/arm-none-eabi/13.3.1/../../../../arm-none-eabi/lib/thumb/v7e-m+dp/hard\libc_nano.a(libc_a-atoi.o)
                              ./Application/esp32wroom.o (atoi)
C:/ST/STM32CubeIDE_1.19.0/STM32CubeIDE/plugins/com.st.stm32cube.ide.mcu.externaltools.gnu-tools-for-stm32.13.3.rel1.win32_1.0.0.202411081344/tools/bin/../lib/gcc/arm-none-eabi/13.3.1/../../../../arm-none-eabi/lib/thumb/v7e-m+dp/hard\libc_nano.a(libc_a-exit.o)
                              C:/ST/STM32CubeIDE_1.19.0/STM32CubeIDE/plugins/com.st.stm32cube.ide.mcu.externaltools.gnu-tools-for-stm32.13.3.rel1.win32_1.0.0.202411081344/tools/bin/../lib/gcc/arm-none-eabi/13.3.1/../../../../arm-none-eabi/lib/thumb/v7e-m+dp/hard/crt0.o (exit)
C:/ST/STM32CubeIDE_1.19.0/STM32CubeIDE/plugins/com.st.stm32cube.ide.mcu.externaltools.gnu-tools-for-stm32.13.3.rel1.win32_1.0.0.202411081344/tools/bin/../lib/gcc/arm-none-eabi/13.3.1/../../../../arm-none-eabi/lib/thumb/v7e-m+dp/hard\libc_nano.a(libc_a-itoa.o)
                              ./Application/General_Utilities/string_oper.o (itoa)
C:/ST/STM32CubeIDE_1.19.0/STM32CubeIDE/plugins/com.st.stm32cube.ide.mcu.externaltools.gnu-tools-for-stm32.13.3.rel1.win32_1.0.0.202411081344/tools/bin/../lib/gcc/arm-none-eabi/13.3.1/../../../../arm-none-eabi/lib/thumb/v7e-m+dp/hard\libc_nano.a(libc_a-strtol.o)
                              C:/ST/STM32CubeIDE_1.19.0/STM32CubeIDE/plugins/com.st.stm32cube.ide.mcu.externaltools.gnu-tools-for-stm32.13.3.rel1.win32_1.0.0.202411081344/tools/bin/../lib/gcc/arm-none-eabi/13.3.1/../../../../arm-none-eabi/lib/thumb/v7e-m+dp/hard\libc_nano.a(libc_a-atoi.o) (_strtol_r)
C:/ST/STM32CubeIDE_1.19.0/STM32CubeIDE/plugins/com.st.stm32cube.ide.mcu.externaltools.gnu-tools-for-stm32.13.3.rel1.win32_1.0.0.202411081344/tools/bin/../lib/gcc/arm-none-eabi/13.3.1/../../../../arm-none-eabi/lib/thumb/v7e-m+dp/hard\libc_nano.a(libc_a-utoa.o)
                              C:/ST/STM32CubeIDE_1.19.0/STM32CubeIDE/plugins/com.st.stm32cube.ide.mcu.externaltools.gnu-tools-for-stm32.13.3.rel1.win32_1.0.0.202411081344/tools/bin/../lib/gcc/arm-none-eabi/13.3.1/../../../../arm-none-eabi/lib/thumb/v7e-m+dp/hard\libc_nano.a(libc_a-itoa.o) (__utoa)
C:/ST/STM32CubeIDE_1.19.0/STM32CubeIDE/plugins/com.st.stm32cube.ide.mcu.externaltools.gnu-tools-for-stm32.13.3.rel1.win32_1.0.0.202411081344/tools/bin/../lib/gcc/arm-none-eabi/13.3.1/../../../../arm-none-eabi/lib/thumb/v7e-m+dp/hard\libc_nano.a(libc_a-strtoll.o)
                              ./Application/General_Utilities/string_oper.o (strtoll)
C:/ST/STM32CubeIDE_1.19.0/STM32CubeIDE/plugins/com.st.stm32cube.ide.mcu.externaltools.gnu-tools-for-stm32.13.3.rel1.win32_1.0.0.202411081344/tools/bin/../lib/gcc/arm-none-eabi/13.3.1/../../../../arm-none-eabi/lib/thumb/v7e-m+dp/hard\libc_nano.a(libc_a-ctype_.o)
                              C:/ST/STM32CubeIDE_1.19.0/STM32CubeIDE/plugins/com.st.stm32cube.ide.mcu.externaltools.gnu-tools-for-stm32.13.3.rel1.win32_1.0.0.202411081344/tools/bin/../lib/gcc/arm-none-eabi/13.3.1/../../../../arm-none-eabi/lib/thumb/v7e-m+dp/hard\libc_nano.a(libc_a-strtol.o) (_ctype_)
C:/ST/STM32CubeIDE_1.19.0/STM32CubeIDE/plugins/com.st.stm32cube.ide.mcu.externaltools.gnu-tools-for-stm32.13.3.rel1.win32_1.0.0.202411081344/tools/bin/../lib/gcc/arm-none-eabi/13.3.1/../../../../arm-none-eabi/lib/thumb/v7e-m+dp/hard\libc_nano.a(libc_a-findfp.o)
                              C:/ST/STM32CubeIDE_1.19.0/STM32CubeIDE/plugins/com.st.stm32cube.ide.mcu.externaltools.gnu-tools-for-stm32.13.3.rel1.win32_1.0.0.202411081344/tools/bin/../lib/gcc/arm-none-eabi/13.3.1/../../../../arm-none-eabi/lib/thumb/v7e-m+dp/hard\libc_nano.a(libc_a-exit.o) (__stdio_exit_handler)
C:/ST/STM32CubeIDE_1.19.0/STM32CubeIDE/plugins/com.st.stm32cube.ide.mcu.externaltools.gnu-tools-for-stm32.13.3.rel1.win32_1.0.0.202411081344/tools/bin/../lib/gcc/arm-none-eabi/13.3.1/../../../../arm-none-eabi/lib/thumb/v7e-m+dp/hard\libc_nano.a(libc_a-fwalk.o)
                              C:/ST/STM32CubeIDE_1.19.0/STM32CubeIDE/plugins/com.st.stm32cube.ide.mcu.externaltools.gnu-tools-for-stm32.13.3.rel1.win32_1.0.0.202411081344/tools/bin/../lib/gcc/arm-none-eabi/13.3.1/../../../../arm-none-eabi/lib/thumb/v7e-m+dp/hard\libc_nano.a(libc_a-findfp.o) (_fwalk_sglue)
C:/ST/STM32CubeIDE_1.19.0/STM32CubeIDE/plugins/com.st.stm32cube.ide.mcu.externaltools.gnu-tools-for-stm32.13.3.rel1.win32_1.0.0.202411081344/tools/bin/../lib/gcc/arm-none-eabi/13.3.1/../../../../arm-none-eabi/lib/thumb/v7e-m+dp/hard\libc_nano.a(libc_a-stdio.o)
[...]
Memory Configuration

Name             Origin             Length             Attributes
FLASH            0x08000000         0x00200000         xr
DTCMRAM          0x20000000         0x00020000         xrw
RAM_D1           0x24000000         0x00080000         xrw
RAM_D2           0x30000000         0x00048000         xrw
RAM_D3           0x38000000         0x00010000         xrw
ITCMRAM          0x00000000         0x00010000         xrw
*default*        0x00000000         0xffffffff

Linker script and memory map

LOAD C:/ST/STM32CubeIDE_1.19.0/STM32CubeIDE/plugins/com.st.stm32cube.ide.mcu.externaltools.gnu-tools-for-stm32.13.3.rel1.win32_1.0.0.202411081344/tools/bin/../lib/gcc/arm-none-eabi/13.3.1/thumb/v7e-m+dp/hard/crti.o
LOAD C:/ST/STM32CubeIDE_1.19.0/STM32CubeIDE/plugins/com.st.stm32cube.ide.mcu.externaltools.gnu-tools-for-stm32.13.3.rel1.win32_1.0.0.202411081344/tools/bin/../lib/gcc/arm-none-eabi/13.3.1/thumb/v7e-m+dp/hard/crtbegin.o
LOAD C:/ST/STM32CubeIDE_1.19.0/STM32CubeIDE/plugins/com.st.stm32cube.ide.mcu.externaltools.gnu-tools-for-stm32.13.3.rel1.win32_1.0.0.202411081344/tools/bin/../lib/gcc/arm-none-eabi/13.3.1/../../../../arm-none-eabi/lib/thumb/v7e-m+dp/hard/crt0.o
LOAD ./Application/General_Utilities/_debug.o
LOAD ./Application/General_Utilities/common.o
LOAD ./Application/General_Utilities/double_float.o
LOAD ./Application/General_Utilities/errors_service.o
LOAD ./Application/General_Utilities/mini_printf.o
LOAD ./Application/General_Utilities/sd_card.o
LOAD ./Application/General_Utilities/string_oper.o
LOAD ./Application/General_Utilities/timer.o
LOAD ./Application/_smtp.o
LOAD ./Application/esp32wroom.o
LOAD ./Application/sntp_dns.o
LOAD ./Application/variables.o
LOAD ./Application/wwwPages.o
LOAD ./Core/Src/dma.o
LOAD ./Core/Src/eth.o
LOAD ./Core/Src/fmc.o
LOAD ./Core/Src/freertos.o
LOAD ./Core/Src/gpio.o
LOAD ./Core/Src/i2c.o
LOAD ./Core/Src/ltdc.o
LOAD ./Core/Src/main.o
LOAD ./Core/Src/mdma.o
LOAD ./Core/Src/sdmmc.o
LOAD ./Core/Src/stm32h7xx_hal_msp.o
LOAD ./Core/Src/stm32h7xx_hal_timebase_tim.o
LOAD ./Core/Src/stm32h7xx_it.o
LOAD ./Core/Src/syscalls.o
LOAD ./Core/Src/sysmem.o
LOAD ./Core/Src/system_stm32h7xx.o
LOAD ./Core/Src/tim.o
LOAD ./Core/Src/usart.o
LOAD ./Core/Startup/startup_stm32h753bitx.o
LOAD ./Drivers/STM32H7xx_HAL_Driver/Src/stm32h7xx_hal.o
LOAD ./Drivers/STM32H7xx_HAL_Driver/Src/stm32h7xx_hal_cortex.o
LOAD ./Drivers/STM32H7xx_HAL_Driver/Src/stm32h7xx_hal_dma.o
LOAD ./Drivers/STM32H7xx_HAL_Driver/Src/stm32h7xx_hal_dma_ex.o
LOAD ./Drivers/STM32H7xx_HAL_Driver/Src/stm32h7xx_hal_eth.o
LOAD ./Drivers/STM32H7xx_HAL_Driver/Src/stm32h7xx_hal_eth_ex.o
LOAD ./Drivers/STM32H7xx_HAL_Driver/Src/stm32h7xx_hal_exti.o
LOAD ./Drivers/STM32H7xx_HAL_Driver/Src/stm32h7xx_hal_flash.o
LOAD ./Drivers/STM32H7xx_HAL_Driver/Src/stm32h7xx_hal_flash_ex.o
LOAD ./Drivers/STM32H7xx_HAL_Driver/Src/stm32h7xx_hal_gpio.o
LOAD ./Drivers/STM32H7xx_HAL_Driver/Src/stm32h7xx_hal_hsem.o
LOAD ./Drivers/STM32H7xx_HAL_Driver/Src/stm32h7xx_hal_i2c.o
LOAD ./Drivers/STM32H7xx_HAL_Driver/Src/stm32h7xx_hal_i2c_ex.o
LOAD ./Drivers/STM32H7xx_HAL_Driver/Src/stm32h7xx_hal_ltdc.o
LOAD ./Drivers/STM32H7xx_HAL_Driver/Src/stm32h7xx_hal_ltdc_ex.o
LOAD ./Drivers/STM32H7xx_HAL_Driver/Src/stm32h7xx_hal_mdma.o
LOAD ./Drivers/STM32H7xx_HAL_Driver/Src/stm32h7xx_hal_mmc.o
LOAD ./Drivers/STM32H7xx_HAL_Driver/Src/stm32h7xx_hal_mmc_ex.o
LOAD ./Drivers/STM32H7xx_HAL_Driver/Src/stm32h7xx_hal_nand.o
LOAD ./Drivers/STM32H7xx_HAL_Driver/Src/stm32h7xx_hal_nor.o
LOAD ./Drivers/STM32H7xx_HAL_Driver/Src/stm32h7xx_hal_pwr.o
LOAD ./Drivers/STM32H7xx_HAL_Driver/Src/stm32h7xx_hal_pwr_ex.o
LOAD ./Drivers/STM32H7xx_HAL_Driver/Src/stm32h7xx_hal_rcc.o
LOAD ./Drivers/STM32H7xx_HAL_Driver/Src/stm32h7xx_hal_rcc_ex.o
LOAD ./Drivers/STM32H7xx_HAL_Driver/Src/stm32h7xx_hal_sd.o
LOAD ./Drivers/STM32H7xx_HAL_Driver/Src/stm32h7xx_hal_sd_ex.o
LOAD ./Drivers/STM32H7xx_HAL_Driver/Src/stm32h7xx_hal_sdram.o
LOAD ./Drivers/STM32H7xx_HAL_Driver/Src/stm32h7xx_hal_sram.o
LOAD ./Drivers/STM32H7xx_HAL_Driver/Src/stm32h7xx_hal_tim.o
LOAD ./Drivers/STM32H7xx_HAL_Driver/Src/stm32h7xx_hal_tim_ex.o
LOAD ./Drivers/STM32H7xx_HAL_Driver/Src/stm32h7xx_hal_uart.o
LOAD ./Drivers/STM32H7xx_HAL_Driver/Src/stm32h7xx_hal_uart_ex.o
LOAD ./Drivers/STM32H7xx_HAL_Driver/Src/stm32h7xx_ll_delayblock.o
LOAD ./Drivers/STM32H7xx_HAL_Driver/Src/stm32h7xx_ll_fmc.o
LOAD ./Drivers/STM32H7xx_HAL_Driver/Src/stm32h7xx_ll_sdmmc.o
LOAD ./FATFS/App/fatfs.o
LOAD ./FATFS/Target/bsp_driver_sd.o
LOAD ./FATFS/Target/sd_diskio.o
LOAD ./Middlewares/Third_Party/FatFs/src/diskio.o
LOAD ./Middlewares/Third_Party/FatFs/src/ff.o
LOAD ./Middlewares/Third_Party/FatFs/src/ff_gen_drv.o
LOAD ./Middlewares/Third_Party/FatFs/src/option/ccsbcs.o
LOAD ./Middlewares/Third_Party/FatFs/src/option/syscall.o
LOAD ./Middlewares/Third_Party/FreeRTOS/Source/CMSIS_RTOS/cmsis_os.o
LOAD ./Middlewares/Third_Party/FreeRTOS/Source/croutine.o
LOAD ./Middlewares/Third_Party/FreeRTOS/Source/event_groups.o
LOAD ./Middlewares/Third_Party/FreeRTOS/Source/list.o
LOAD ./Middlewares/Third_Party/FreeRTOS/Source/queue.o
LOAD ./Middlewares/Third_Party/FreeRTOS/Source/stream_buffer.o
LOAD ./Middlewares/Third_Party/FreeRTOS/Source/tasks.o
LOAD ./Middlewares/Third_Party/FreeRTOS/Source/timers.o
LOAD ./Middlewares/Third_Party/FreeRTOS/Source/portable/GCC/ARM_CM4F/port.o
LOAD ./Middlewares/Third_Party/FreeRTOS/Source/portable/MemMang/heap_4.o
START GROUP
LOAD C:/ST/STM32CubeIDE_1.19.0/STM32CubeIDE/plugins/com.st.stm32cube.ide.mcu.externaltools.gnu-tools-for-stm32.13.3.rel1.win32_1.0.0.202411081344/tools/bin/../lib/gcc/arm-none-eabi/13.3.1/../../../../arm-none-eabi/lib/thumb/v7e-m+dp/hard\libc_nano.a
LOAD C:/ST/STM32CubeIDE_1.19.0/STM32CubeIDE/plugins/com.st.stm32cube.ide.mcu.externaltools.gnu-tools-for-stm32.13.3.rel1.win32_1.0.0.202411081344/tools/bin/../lib/gcc/arm-none-eabi/13.3.1/../../../../arm-none-eabi/lib/thumb/v7e-m+dp/hard\libm.a
END GROUP
START GROUP
LOAD C:/ST/STM32CubeIDE_1.19.0/STM32CubeIDE/plugins/com.st.stm32cube.ide.mcu.externaltools.gnu-tools-for-stm32.13.3.rel1.win32_1.0.0.202411081344/tools/bin/../lib/gcc/arm-none-eabi/13.3.1/thumb/v7e-m+dp/hard\libgcc.a
LOAD C:/ST/STM32CubeIDE_1.19.0/STM32CubeIDE/plugins/com.st.stm32cube.ide.mcu.externaltools.gnu-tools-for-stm32.13.3.rel1.win32_1.0.0.202411081344/tools/bin/../lib/gcc/arm-none-eabi/13.3.1/../../../../arm-none-eabi/lib/thumb/v7e-m+dp/hard\libc_nano.a
END GROUP
START GROUP
LOAD C:/ST/STM32CubeIDE_1.19.0/STM32CubeIDE/plugins/com.st.stm32cube.ide.mcu.externaltools.gnu-tools-for-stm32.13.3.rel1.win32_1.0.0.202411081344/tools/bin/../lib/gcc/arm-none-eabi/13.3.1/thumb/v7e-m+dp/hard\libgcc.a
LOAD C:/ST/STM32CubeIDE_1.19.0/STM32CubeIDE/plugins/com.st.stm32cube.ide.mcu.externaltools.gnu-tools-for-stm32.13.3.rel1.win32_1.0.0.202411081344/tools/bin/../lib/gcc/arm-none-eabi/13.3.1/../../../../arm-none-eabi/lib/thumb/v7e-m+dp/hard\libc_nano.a
LOAD C:/ST/STM32CubeIDE_1.19.0/STM32CubeIDE/plugins/com.st.stm32cube.ide.mcu.externaltools.gnu-tools-for-stm32.13.3.rel1.win32_1.0.0.202411081344/tools/bin/../lib/gcc/arm-none-eabi/13.3.1/../../../../arm-none-eabi/lib/thumb/v7e-m+dp/hard\libnosys.a
END GROUP
START GROUP
LOAD C:/ST/STM32CubeIDE_1.19.0/STM32CubeIDE/plugins/com.st.stm32cube.ide.mcu.externaltools.gnu-tools-for-stm32.13.3.rel1.win32_1.0.0.202411081344/tools/bin/../lib/gcc/arm-none-eabi/13.3.1/thumb/v7e-m+dp/hard\libgcc.a
LOAD C:/ST/STM32CubeIDE_1.19.0/STM32CubeIDE/plugins/com.st.stm32cube.ide.mcu.externaltools.gnu-tools-for-stm32.13.3.rel1.win32_1.0.0.202411081344/tools/bin/../lib/gcc/arm-none-eabi/13.3.1/../../../../arm-none-eabi/lib/thumb/v7e-m+dp/hard\libc_nano.a
LOAD C:/ST/STM32CubeIDE_1.19.0/STM32CubeIDE/plugins/com.st.stm32cube.ide.mcu.externaltools.gnu-tools-for-stm32.13.3.rel1.win32_1.0.0.202411081344/tools/bin/../lib/gcc/arm-none-eabi/13.3.1/../../../../arm-none-eabi/lib/thumb/v7e-m+dp/hard\libnosys.a
END GROUP
LOAD C:/ST/STM32CubeIDE_1.19.0/STM32CubeIDE/plugins/com.st.stm32cube.ide.mcu.externaltools.gnu-tools-for-stm32.13.3.rel1.win32_1.0.0.202411081344/tools/bin/../lib/gcc/arm-none-eabi/13.3.1/thumb/v7e-m+dp/hard/crtend.o
LOAD C:/ST/STM32CubeIDE_1.19.0/STM32CubeIDE/plugins/com.st.stm32cube.ide.mcu.externaltools.gnu-tools-for-stm32.13.3.rel1.win32_1.0.0.202411081344/tools/bin/../lib/gcc/arm-none-eabi/13.3.1/thumb/v7e-m+dp/hard/crtn.o
                0x24080000                        _estack = (ORIGIN (RAM_D1) + LENGTH (RAM_D1))
                0x00004000                        _Min_Heap_Size = 0x4000
                0x00004000                        _Min_Stack_Size = 0x4000

.isr_vector     0x08000000      0x298
                0x08000000                        . = ALIGN (0x4)
 *(.isr_vector)
 .isr_vector    0x08000000      0x298 ./Core/Startup/startup_stm32h753bitx.o
                0x08000000                g_pfnVectors
                0x08000298                        . = ALIGN (0x4)

.text           0x080002a0    0x18e24
                0x080002a0                        . = ALIGN (0x4)
 *(.text)
 .text          0x080002a0       0x40 C:/ST/STM32CubeIDE_1.19.0/STM32CubeIDE/plugins/com.st.stm32cube.ide.mcu.externaltools.gnu-tools-for-stm32.13.3.rel1.win32_1.0.0.202411081344/tools/bin/../lib/gcc/arm-none-eabi/13.3.1/thumb/v7e-m+dp/hard/crtbegin.o
 .text          0x080002e0       0xa0 C:/ST/STM32CubeIDE_1.19.0/STM32CubeIDE/plugins/com.st.stm32cube.ide.mcu.externaltools.gnu-tools-for-stm32.13.3.rel1.win32_1.0.0.202411081344/tools/bin/../lib/gcc/arm-none-eabi/13.3.1/../../../../arm-none-eabi/lib/thumb/v7e-m+dp/hard\libc_nano.a(libc_a-memchr.o)
                0x080002e0                memchr
 .text          0x08000380       0xa0 C:/ST/STM32CubeIDE_1.19.0/STM32CubeIDE/plugins/com.st.stm32cube.ide.mcu.externaltools.gnu-tools-for-stm32.13.3.rel1.win32_1.0.0.202411081344/tools/bin/../lib/gcc/arm-none-eabi/13.3.1/thumb/v7e-m+dp/hard\libgcc.a(_aeabi_ldivmod.o)
                0x08000380                __aeabi_ldivmod
 .text          0x08000420       0x30 C:/ST/STM32CubeIDE_1.19.0/STM32CubeIDE/plugins/com.st.stm32cube.ide.mcu.externaltools.gnu-tools-for-stm32.13.3.rel1.win32_1.0.0.202411081344/tools/bin/../lib/gcc/arm-none-eabi/13.3.1/thumb/v7e-m+dp/hard\libgcc.a(_aeabi_uldivmod.o)
                0x08000420                __aeabi_uldivmod
 .text          0x08000450      0x2f8 C:/ST/STM32CubeIDE_1.19.0/STM32CubeIDE/plugins/com.st.stm32cube.ide.mcu.externaltools.gnu-tools-for-stm32.13.3.rel1.win32_1.0.0.202411081344/tools/bin/../lib/gcc/arm-none-eabi/13.3.1/thumb/v7e-m+dp/hard\libgcc.a(_udivmoddi4.o)
                0x08000450                __udivmoddi4
 .text          0x08000748        0x4 C:/ST/STM32CubeIDE_1.19.0/STM32CubeIDE/plugins/com.st.stm32cube.ide.mcu.externaltools.gnu-tools-for-stm32.13.3.rel1.win32_1.0.0.202411081344/tools/bin/../lib/gcc/arm-none-eabi/13.3.1/thumb/v7e-m+dp/hard\libgcc.a(_dvmd_tls.o)
                0x08000748                __aeabi_idiv0
                0x08000748                __aeabi_ldiv0
 *(.text*)
 .text.Dbg      0x0800074c       0x1e ./Application/General_Utilities/_debug.o
                0x0800074c                Dbg
 .text.DbgMulti
                0x0800076a       0x2e ./Application/General_Utilities/_debug.o
                0x0800076a                DbgMulti
 .text.DbgVar   0x08000798       0x46 ./Application/General_Utilities/_debug.o
                0x08000798                DbgVar
 *fill*         0x080007de        0x2 
 .text.DEBUG_RxFullBuffService
                0x080007e0       0x30 ./Application/General_Utilities/_debug.o
                0x080007e0                DEBUG_RxFullBuffService
 .text.CODESTR_SdCard
                0x08000810      0x2a4 ./Application/General_Utilities/errors_service.o
 .text.ERROR_SDcardMount
                0x08000ab4       0x28 ./Application/General_Utilities/errors_service.o
                0x08000ab4                ERROR_SDcardMount
 .text.mini_strlen
                0x08000adc       0x2e ./Application/General_Utilities/mini_printf.o
                0x08000adc                mini_strlen
 .text.mini_itoa
                0x08000b0a      0x11c ./Application/General_Utilities/mini_printf.o
 .text._putc.1  0x08000c26       0x42 ./Application/General_Utilities/mini_printf.o
 .text.mini_vsnprintf
                0x08000c68      0x25c ./Application/General_Utilities/mini_printf.o
                0x08000c68                mini_vsnprintf
 .text._puts.0  0x08000ec4       0x6c ./Application/General_Utilities/mini_printf.o
 .text.mini_snprintf
                0x08000f30       0x30 ./Application/General_Utilities/mini_printf.o
                0x08000f30                mini_snprintf
 .text.SDCard_Init
                0x08000f60       0x34 ./Application/General_Utilities/sd_card.o
                0x08000f60                SDCard_Init
 .text.StrBuffCopylimit
                0x08000f94       0x46 ./Application/General_Utilities/string_oper.o
                0x08000f94                StrBuffCopylimit
 *fill*         0x08000fda        0x2 
 .text.IPStr2Int
                0x08000fdc       0x80 ./Application/General_Utilities/string_oper.o
                0x08000fdc                IPStr2Int
 .text.MACStr2Int64
                0x0800105c      0x154 ./Application/General_Utilities/string_oper.o
                0x0800105c                MACStr2Int64
 .text.IP2Str   0x080011b0       0x88 ./Application/General_Utilities/string_oper.o
                0x080011b0                IP2Str
 .text.TakeMutex
                0x08001238       0x84 ./Application/General_Utilities/timer.o
                0x08001238                TakeMutex
 .text.GiveMutex
                0x080012bc       0x64 ./Application/General_Utilities/timer.o
                0x080012bc                GiveMutex
 .text.GetEmailState
                0x08001320       0x18 ./Application/_smtp.o
                0x08001320                GetEmailState
 .text.GetStrEmailState
                0x08001338       0x90 ./Application/_smtp.o
                0x08001338                GetStrEmailState
 .text.GetEmailCode
                0x080013c8       0x18 ./Application/_smtp.o
                0x080013c8                GetEmailCode
 .text.SetEmailState
                0x080013e0       0x20 ./Application/_smtp.o
                0x080013e0                SetEmailState
 .text.SetEmailCode
                0x08001400       0x20 ./Application/_smtp.o
                0x08001400                SetEmailCode
 .text.encodeblock
                0x08001420       0x98 ./Application/_smtp.o
 .text.base64_enc2
                0x080014b8       0xc4 ./Application/_smtp.o
                0x080014b8                base64_enc2
 .text.GetTitleEmail
                0x0800157c       0x5c ./Application/_smtp.o
                0x0800157c                GetTitleEmail
 .text.GetDataEmail
                0x080015d8      0x1d8 ./Application/_smtp.o
                0x080015d8                GetDataEmail
 .text.DefaultSettingsWIFI
                0x080017b0      0x124 ./Application/esp32wroom.o
                0x080017b0                DefaultSettingsWIFI
 .text.GetAnswerDelay
                0x080018d4       0x38 ./Application/esp32wroom.o
 .text.ChangeUartBuadRate
                0x0800190c       0x48 ./Application/esp32wroom.o
 .text.StartDMA
                0x08001954       0x88 ./Application/esp32wroom.o
 .text.RestartDMA
                0x080019dc       0x18 ./Application/esp32wroom.o
 .text.SendToEsp
                0x080019f4       0x34 ./Application/esp32wroom.o
 .text.SendToEsp_DMA
                0x08001a28       0x7c ./Application/esp32wroom.o
 .text.isAnythingRecv
                0x08001aa4       0x20 ./Application/esp32wroom.o
 .text.DisplayRequestGET
                0x08001ac4       0x50 ./Application/esp32wroom.o
 .text.GetSizeAndChannel
                0x08001b14       0xb6 ./Application/esp32wroom.o
 *fill*         0x08001bca        0x2 
 .text.GetDMACountByte
                0x08001bcc      0x108 ./Application/esp32wroom.o
 .text.vSendDataPacket
                0x08001cd4      0x124 ./Application/esp32wroom.o
 .text.vCloseConnection
                0x08001df8       0x74 ./Application/esp32wroom.o
 .text.vSendData
                0x08001e6c       0xf8 ./Application/esp32wroom.o
 .text.vSendDataHTTP
                0x08001f64       0x34 ./Application/esp32wroom.o
 .text.vSendDataSMTP
                0x08001f98       0x44 ./Application/esp32wroom.o
 .text.vSendCommandSMTP
                0x08001fdc       0x36 ./Application/esp32wroom.o
 .text.GetRecvCodeEmail
                0x08002012       0xb2 ./Application/esp32wroom.o
 .text.vWaitForRecv
                0x080020c4       0x78 ./Application/esp32wroom.o
 .text.vGetEmailRecvCode
                0x0800213c       0xa8 ./Application/esp32wroom.o
 .text.SendDummyData
                0x080021e4       0x58 ./Application/esp32wroom.o
 .text.GetHttpPort
                0x0800223c       0x40 ./Application/esp32wroom.o
 .text.vStartServer
                0x0800227c       0x6c ./Application/esp32wroom.o
 .text.vStopServer
                0x080022e8       0x68 ./Application/esp32wroom.o
 .text.vRestartWifiServer
                0x08002350       0x16 ./Application/esp32wroom.o
                0x08002350                vRestartWifiServer
 .text.vCheckEmailAnswer
                0x08002366       0x42 ./Application/esp32wroom.o
 .text.EmailSendStart
                0x080023a8       0xdc ./Application/esp32wroom.o
 .text.ErrorServiceSMTP
                0x08002484       0xb0 ./Application/esp32wroom.o
 .text.vGetConnectionResultToSTA
                0x08002534       0xb0 ./Application/esp32wroom.o
 .text.GetAddressesForConnection
                0x080025e4       0xd0 ./Application/esp32wroom.o
 .text.vQueryAndReplaceEmailAddrName2AddrIP
                0x080026b4       0xfc ./Application/esp32wroom.o
 .text.vQueryAndLoadTimeFromSNTP
                0x080027b0      0x104 ./Application/esp32wroom.o
 .text.vLoadTime
                0x080028b4       0x58 ./Application/esp32wroom.o
 .text.vtaskWifi
                0x0800290c      0xd10 ./Application/esp32wroom.o
                0x0800290c                vtaskWifi
 .text.CreateWifiTask
                0x0800361c       0x30 ./Application/esp32wroom.o
                0x0800361c                CreateWifiTask
 .text.WIFI_UartErrorService
                0x0800364c       0x18 ./Application/esp32wroom.o
                0x0800364c                WIFI_UartErrorService
 .text.WIFI_RxCallbackService
                0x08003664       0x18 ./Application/esp32wroom.o
                0x08003664                WIFI_RxCallbackService
 .text.VAR_SetTabVal
                0x0800367c      0x25c ./Application/variables.o
                0x0800367c                VAR_SetTabVal
 .text.VAR_GetTabVal
                0x080038d8      0x21c ./Application/variables.o
                0x080038d8                VAR_GetTabVal
 .text.VAR_SetStr
                0x08003af4      0x318 ./Application/variables.o
                0x08003af4                VAR_SetStr
 .text.VAR_GetStr
                0x08003e0c      0x1cc ./Application/variables.o
                0x08003e0c                VAR_GetStr
 .text.VAR_SetVal64
                0x08003fd8       0x7c ./Application/variables.o
                0x08003fd8                VAR_SetVal64
 .text.ResetTestTab
                0x08004054        0xe ./Application/wwwPages.o
                0x08004054                ResetTestTab
 .text.GetPageWWW
                0x08004062       0x20 ./Application/wwwPages.o
                0x08004062                GetPageWWW
 *fill*         0x08004082        0x2 
 .text.MX_DMA_Init
                0x08004084       0x70 ./Core/Src/dma.o
                0x08004084                MX_DMA_Init
 .text.MX_FMC_Init
                0x080040f4       0xa0 ./Core/Src/fmc.o
                0x080040f4                MX_FMC_Init
 .text.HAL_FMC_MspInit
                0x08004194      0x1c4 ./Core/Src/fmc.o
 .text.HAL_SDRAM_MspInit
                0x08004358       0x14 ./Core/Src/fmc.o
                0x08004358                HAL_SDRAM_MspInit
 .text.vApplicationIdleHook
                0x0800436c        0xe ./Core/Src/freertos.o
                0x0800436c                vApplicationIdleHook
 .text.vApplicationTickHook
                0x0800437a        0xe ./Core/Src/freertos.o
                0x0800437a                vApplicationTickHook
 .text.vApplicationGetIdleTaskMemory
                0x08004388       0x34 ./Core/Src/freertos.o
                0x08004388                vApplicationGetIdleTaskMemory
 .text.vApplicationGetTimerTaskMemory
                0x080043bc       0x34 ./Core/Src/freertos.o
                0x080043bc                vApplicationGetTimerTaskMemory
 .text.MX_FREERTOS_Init
                0x080043f0       0x38 ./Core/Src/freertos.o
                0x080043f0                MX_FREERTOS_Init
 .text.StartDefaultTask
                0x08004428       0x3c ./Core/Src/freertos.o
                0x08004428                StartDefaultTask
 .text.MX_GPIO_Init
                0x08004464      0x1b8 ./Core/Src/gpio.o
                0x08004464                MX_GPIO_Init
 .text.MX_I2C1_Init
                0x0800461c       0x80 ./Core/Src/i2c.o
                0x0800461c                MX_I2C1_Init
 .text.MX_I2C4_Init
                0x0800469c       0x80 ./Core/Src/i2c.o
                0x0800469c                MX_I2C4_Init
 .text.HAL_I2C_MspInit
                0x0800471c      0x174 ./Core/Src/i2c.o
                0x0800471c                HAL_I2C_MspInit
 .text.MX_LTDC_Init
                0x08004890      0x104 ./Core/Src/ltdc.o
                0x08004890                MX_LTDC_Init
 .text.HAL_LTDC_MspInit
                0x08004994      0x514 ./Core/Src/ltdc.o
                0x08004994                HAL_LTDC_MspInit
 .text.main     0x08004ea8      0x198 ./Core/Src/main.o
                0x08004ea8                main
 .text.SystemClock_Config
                0x08005040       0xf4 ./Core/Src/main.o
                0x08005040                SystemClock_Config
 .text.MPU_Config
                0x08005134       0xc8 ./Core/Src/main.o
 .text.HAL_TIM_PeriodElapsedCallback
                0x080051fc       0x24 ./Core/Src/main.o
                0x080051fc                HAL_TIM_PeriodElapsedCallback
 .text.Error_Handler
                0x08005220        0xc ./Core/Src/main.o
                0x08005220                Error_Handler
 .text.MX_MDMA_Init
                0x0800522c       0xc8 ./Core/Src/mdma.o
                0x0800522c                MX_MDMA_Init
 .text.MX_SDMMC1_SD_Init
                0x080052f4       0x3c ./Core/Src/sdmmc.o
                0x080052f4                MX_SDMMC1_SD_Init
 .text.HAL_SD_MspInit
                0x08005330      0x12c ./Core/Src/sdmmc.o
                0x08005330                HAL_SD_MspInit
 .text.HAL_MspInit
                0x0800545c       0x3c ./Core/Src/stm32h7xx_hal_msp.o
                0x0800545c                HAL_MspInit
 .text.HAL_InitTick
                0x08005498       0xd8 ./Core/Src/stm32h7xx_hal_timebase_tim.o
                0x08005498                HAL_InitTick
 .text.NMI_Handler
                0x08005570        0x8 ./Core/Src/stm32h7xx_it.o
                0x08005570                NMI_Handler
 .text.HardFault_Handler
                0x08005578        0x8 ./Core/Src/stm32h7xx_it.o
                0x08005578                HardFault_Handler
 .text.MemManage_Handler
                0x08005580        0x8 ./Core/Src/stm32h7xx_it.o
                0x08005580                MemManage_Handler
 .text.BusFault_Handler
                0x08005588        0x8 ./Core/Src/stm32h7xx_it.o
                0x08005588                BusFault_Handler
 .text.UsageFault_Handler
                0x08005590        0x8 ./Core/Src/stm32h7xx_it.o
                0x08005590                UsageFault_Handler
 .text.DebugMon_Handler
                0x08005598        0xe ./Core/Src/stm32h7xx_it.o
                0x08005598                DebugMon_Handler
 *fill*         0x080055a6        0x2 
 .text.DMA1_Stream0_IRQHandler
                0x080055a8       0x14 ./Core/Src/stm32h7xx_it.o
                0x080055a8                DMA1_Stream0_IRQHandler
 .text.DMA1_Stream1_IRQHandler
                0x080055bc       0x14 ./Core/Src/stm32h7xx_it.o
                0x080055bc                DMA1_Stream1_IRQHandler
 .text.DMA1_Stream2_IRQHandler
                0x080055d0       0x14 ./Core/Src/stm32h7xx_it.o
                0x080055d0                DMA1_Stream2_IRQHandler
 .text.DMA1_Stream3_IRQHandler
                0x080055e4       0x14 ./Core/Src/stm32h7xx_it.o
                0x080055e4                DMA1_Stream3_IRQHandler
 .text.TIM8_TRG_COM_TIM14_IRQHandler
                0x080055f8       0x14 ./Core/Src/stm32h7xx_it.o
                0x080055f8                TIM8_TRG_COM_TIM14_IRQHandler
 .text.SDMMC1_IRQHandler
                0x0800560c       0x14 ./Core/Src/stm32h7xx_it.o
                0x0800560c                SDMMC1_IRQHandler
 .text.USART6_IRQHandler
                0x08005620       0x14 ./Core/Src/stm32h7xx_it.o
                0x08005620                USART6_IRQHandler
 .text.UART7_IRQHandler
                0x08005634       0x14 ./Core/Src/stm32h7xx_it.o
                0x08005634                UART7_IRQHandler
 .text.MDMA_IRQHandler
                0x08005648       0x14 ./Core/Src/stm32h7xx_it.o
                0x08005648                MDMA_IRQHandler
 .text._getpid  0x0800565c       0x10 ./Core/Src/syscalls.o
                0x0800565c                _getpid
 .text._kill    0x0800566c       0x20 ./Core/Src/syscalls.o
                0x0800566c                _kill
 .text._exit    0x0800568c       0x16 ./Core/Src/syscalls.o
                0x0800568c                _exit
 .text._read    0x080056a2       0x3a ./Core/Src/syscalls.o
                0x080056a2                _read
 .text._write   0x080056dc       0x38 ./Core/Src/syscalls.o
                0x080056dc                _write
 .text._close   0x08005714       0x18 ./Core/Src/syscalls.o
                0x08005714                _close
 .text._fstat   0x0800572c       0x20 ./Core/Src/syscalls.o
                0x0800572c                _fstat
 .text._isatty  0x0800574c       0x16 ./Core/Src/syscalls.o
                0x0800574c                _isatty
 .text._lseek   0x08005762       0x1a ./Core/Src/syscalls.o
                0x08005762                _lseek
 .text._sbrk    0x0800577c       0x6c ./Core/Src/sysmem.o
                0x0800577c                _sbrk
 .text.SystemInit
                0x080057e8      0x140 ./Core/Src/system_stm32h7xx.o
                0x080057e8                SystemInit
 .text.ExitRun0Mode
                0x08005928       0x30 ./Core/Src/system_stm32h7xx.o
                0x08005928                ExitRun0Mode
 .text.MX_TIM5_Init
                0x08005958       0x9c ./Core/Src/tim.o
                0x08005958                MX_TIM5_Init
 .text.HAL_TIM_Base_MspInit
                0x080059f4       0x44 ./Core/Src/tim.o
                0x080059f4                HAL_TIM_Base_MspInit
 .text.MX_UART7_Init
                0x08005a38       0x9c ./Core/Src/usart.o
                0x08005a38                MX_UART7_Init
 .text.MX_USART6_UART_Init
                0x08005ad4       0xa0 ./Core/Src/usart.o
                0x08005ad4                MX_USART6_UART_Init
 .text.HAL_UART_MspInit
                0x08005b74      0x378 ./Core/Src/usart.o
                0x08005b74                HAL_UART_MspInit
 .text.HAL_UART_MspDeInit
                0x08005eec       0xa4 ./Core/Src/usart.o
                0x08005eec                HAL_UART_MspDeInit
 .text.UART_ClearFlags
                0x08005f90       0x4c ./Core/Src/usart.o
                0x08005f90                UART_ClearFlags
 .text.HAL_UART_TxCpltCallback
                0x08005fdc       0x20 ./Core/Src/usart.o
                0x08005fdc                HAL_UART_TxCpltCallback
 .text.HAL_UART_RxCpltCallback
                0x08005ffc       0x38 ./Core/Src/usart.o
                0x08005ffc                HAL_UART_RxCpltCallback
 .text.HAL_UART_ErrorCallback
                0x08006034       0x30 ./Core/Src/usart.o
                0x08006034                HAL_UART_ErrorCallback
 .text.DEBUG_Send
                0x08006064       0x2c ./Core/Src/usart.o
                0x08006064                DEBUG_Send
 .text.DEBUG_ReceiveStart
                0x08006090       0x98 ./Core/Src/usart.o
                0x08006090                DEBUG_ReceiveStart
 .text.Reset_Handler
                0x08006128       0x54 ./Core/Startup/startup_stm32h753bitx.o
                0x08006128                Reset_Handler
 .text.Default_Handler
                0x0800617c        0x2 ./Core/Startup/startup_stm32h753bitx.o
                0x0800617c                RTC_Alarm_IRQHandler
                0x0800617c                HASH_RNG_IRQHandler
                0x0800617c                EXTI2_IRQHandler
                0x0800617c                TIM8_CC_IRQHandler
                0x0800617c                HRTIM1_Master_IRQHandler
                0x0800617c                UART8_IRQHandler
                0x0800617c                SPI4_IRQHandler
                0x0800617c                TIM1_CC_IRQHandler
                0x0800617c                BDMA_Channel6_IRQHandler
                0x0800617c                DMA2_Stream5_IRQHandler
                0x0800617c                HRTIM1_FLT_IRQHandler
                0x0800617c                JPEG_IRQHandler
                0x0800617c                DMA1_Stream5_IRQHandler
                0x0800617c                BDMA_Channel1_IRQHandler
                0x0800617c                HRTIM1_TIMD_IRQHandler
                0x0800617c                TAMP_STAMP_IRQHandler
                0x0800617c                EXTI3_IRQHandler
                0x0800617c                LPTIM4_IRQHandler
                0x0800617c                LPTIM2_IRQHandler
                0x0800617c                DFSDM1_FLT1_IRQHandler
                0x0800617c                DMAMUX2_OVR_IRQHandler
                0x0800617c                TIM8_UP_TIM13_IRQHandler
                0x0800617c                I2C3_ER_IRQHandler
                0x0800617c                DFSDM1_FLT2_IRQHandler
                0x0800617c                LPTIM3_IRQHandler
                0x0800617c                HSEM1_IRQHandler
                0x0800617c                EXTI0_IRQHandler
                0x0800617c                I2C2_EV_IRQHandler
                0x0800617c                FPU_IRQHandler
                0x0800617c                OTG_HS_WKUP_IRQHandler
                0x0800617c                FDCAN1_IT1_IRQHandler
                0x0800617c                LTDC_ER_IRQHandler
                0x0800617c                DMA2_Stream2_IRQHandler
                0x0800617c                HRTIM1_TIME_IRQHandler
                0x0800617c                SPI1_IRQHandler
                0x0800617c                TIM6_DAC_IRQHandler
                0x0800617c                DCMI_IRQHandler
                0x0800617c                HRTIM1_TIMC_IRQHandler
                0x0800617c                DMA2_Stream3_IRQHandler
                0x0800617c                SAI2_IRQHandler
                0x0800617c                DFSDM1_FLT3_IRQHandler
                0x0800617c                TIM17_IRQHandler
                0x0800617c                USART3_IRQHandler
                0x0800617c                BDMA_Channel7_IRQHandler
                0x0800617c                CRYP_IRQHandler
                0x0800617c                LPTIM5_IRQHandler
                0x0800617c                UART5_IRQHandler
                0x0800617c                ADC3_IRQHandler
                0x0800617c                DMA2_Stream0_IRQHandler
                0x0800617c                TIM4_IRQHandler
                0x0800617c                BDMA_Channel2_IRQHandler
                0x0800617c                QUADSPI_IRQHandler
                0x0800617c                I2C1_EV_IRQHandler
                0x0800617c                DMA1_Stream6_IRQHandler
                0x0800617c                DMAMUX1_OVR_IRQHandler
                0x0800617c                TIM16_IRQHandler
                0x0800617c                UART4_IRQHandler
                0x0800617c                BDMA_Channel5_IRQHandler
                0x0800617c                TIM3_IRQHandler
                0x0800617c                RCC_IRQHandler
                0x0800617c                TIM8_BRK_TIM12_IRQHandler
                0x0800617c                TIM1_TRG_COM_IRQHandler
                0x0800617c                Default_Handler
                0x0800617c                ECC_IRQHandler
                0x0800617c                CEC_IRQHandler
                0x0800617c                EXTI15_10_IRQHandler
                0x0800617c                BDMA_Channel0_IRQHandler
                0x0800617c                ADC_IRQHandler
                0x0800617c                DMA1_Stream7_IRQHandler
                0x0800617c                HRTIM1_TIMA_IRQHandler
                0x0800617c                SPI5_IRQHandler
                0x0800617c                TIM7_IRQHandler
                0x0800617c                TIM5_IRQHandler
                0x0800617c                DMA2_Stream7_IRQHandler
                0x0800617c                TIM15_IRQHandler
                0x0800617c                PVD_AVD_IRQHandler
                0x0800617c                I2C3_EV_IRQHandler
                0x0800617c                EXTI9_5_IRQHandler
                0x0800617c                RTC_WKUP_IRQHandler
                0x0800617c                LTDC_IRQHandler
                0x0800617c                SAI3_IRQHandler
                0x0800617c                ETH_WKUP_IRQHandler
                0x0800617c                SPDIF_RX_IRQHandler
                0x0800617c                SPI2_IRQHandler
                0x0800617c                OTG_HS_EP1_IN_IRQHandler
                0x0800617c                CRS_IRQHandler
                0x0800617c                EXTI4_IRQHandler
                0x0800617c                HRTIM1_TIMB_IRQHandler
                0x0800617c                FDCAN2_IT1_IRQHandler
                0x0800617c                ETH_IRQHandler
                0x0800617c                TIM1_UP_IRQHandler
                0x0800617c                BDMA_Channel4_IRQHandler
                0x0800617c                OTG_HS_EP1_OUT_IRQHandler
                0x0800617c                WWDG_IRQHandler
                0x0800617c                SPI6_IRQHandler
                0x0800617c                MDIOS_IRQHandler
                0x0800617c                I2C4_EV_IRQHandler
                0x0800617c                FDCAN2_IT0_IRQHandler
                0x0800617c                LPUART1_IRQHandler
                0x0800617c                FDCAN1_IT0_IRQHandler
                0x0800617c                TIM2_IRQHandler
                0x0800617c                OTG_FS_WKUP_IRQHandler
                0x0800617c                OTG_HS_IRQHandler
                0x0800617c                DMA2D_IRQHandler
                0x0800617c                TIM1_BRK_IRQHandler
                0x0800617c                EXTI1_IRQHandler
                0x0800617c                SDMMC2_IRQHandler
                0x0800617c                OTG_FS_EP1_OUT_IRQHandler
                0x0800617c                BDMA_Channel3_IRQHandler
                0x0800617c                MDIOS_WKUP_IRQHandler
                0x0800617c                USART2_IRQHandler
                0x0800617c                DFSDM1_FLT0_IRQHandler
                0x0800617c                SAI4_IRQHandler
                0x0800617c                I2C2_ER_IRQHandler
                0x0800617c                DMA2_Stream1_IRQHandler
                0x0800617c                FLASH_IRQHandler
                0x0800617c                DMA2_Stream4_IRQHandler
                0x0800617c                USART1_IRQHandler
                0x0800617c                OTG_FS_IRQHandler
                0x0800617c                SPI3_IRQHandler
                0x0800617c                WAKEUP_PIN_IRQHandler
                0x0800617c                DMA1_Stream4_IRQHandler
                0x0800617c                OTG_FS_EP1_IN_IRQHandler
                0x0800617c                I2C1_ER_IRQHandler
                0x0800617c                FMC_IRQHandler
                0x0800617c                FDCAN_CAL_IRQHandler
                0x0800617c                SWPMI1_IRQHandler
                0x0800617c                COMP1_IRQHandler
                0x0800617c                LPTIM1_IRQHandler
                0x0800617c                I2C4_ER_IRQHandler
                0x0800617c                DMA2_Stream6_IRQHandler
                0x0800617c                SAI1_IRQHandler
 *fill*         0x0800617e        0x2 
 .text.HAL_Init
                0x08006180       0x78 ./Drivers/STM32H7xx_HAL_Driver/Src/stm32h7xx_hal.o
                0x08006180                HAL_Init
 .text.HAL_IncTick
                0x080061f8       0x28 ./Drivers/STM32H7xx_HAL_Driver/Src/stm32h7xx_hal.o
                0x080061f8                HAL_IncTick
 .text.HAL_GetTick
                0x08006220       0x18 ./Drivers/STM32H7xx_HAL_Driver/Src/stm32h7xx_hal.o
                0x08006220                HAL_GetTick
 .text.HAL_Delay
                0x08006238       0x48 ./Drivers/STM32H7xx_HAL_Driver/Src/stm32h7xx_hal.o
                0x08006238                HAL_Delay
 .text.HAL_GetREVID
                0x08006280       0x18 ./Drivers/STM32H7xx_HAL_Driver/Src/stm32h7xx_hal.o
                0x08006280                HAL_GetREVID
 .text.__NVIC_SetPriorityGrouping
                0x08006298       0x48 ./Drivers/STM32H7xx_HAL_Driver/Src/stm32h7xx_hal_cortex.o
 .text.__NVIC_GetPriorityGrouping
                0x080062e0       0x1c ./Drivers/STM32H7xx_HAL_Driver/Src/stm32h7xx_hal_cortex.o
 .text.__NVIC_EnableIRQ
                0x080062fc       0x3c ./Drivers/STM32H7xx_HAL_Driver/Src/stm32h7xx_hal_cortex.o
 .text.__NVIC_DisableIRQ
                0x08006338       0x48 ./Drivers/STM32H7xx_HAL_Driver/Src/stm32h7xx_hal_cortex.o
 .text.__NVIC_SetPriority
                0x08006380       0x54 ./Drivers/STM32H7xx_HAL_Driver/Src/stm32h7xx_hal_cortex.o
 .text.NVIC_EncodePriority
                0x080063d4       0x66 ./Drivers/STM32H7xx_HAL_Driver/Src/stm32h7xx_hal_cortex.o
 .text.HAL_NVIC_SetPriorityGrouping
                0x0800643a       0x16 ./Drivers/STM32H7xx_HAL_Driver/Src/stm32h7xx_hal_cortex.o
                0x0800643a                HAL_NVIC_SetPriorityGrouping
 .text.HAL_NVIC_SetPriority
                0x08006450       0x34 ./Drivers/STM32H7xx_HAL_Driver/Src/stm32h7xx_hal_cortex.o
                0x08006450                HAL_NVIC_SetPriority
 .text.HAL_NVIC_EnableIRQ
                0x08006484       0x1c ./Drivers/STM32H7xx_HAL_Driver/Src/stm32h7xx_hal_cortex.o
                0x08006484                HAL_NVIC_EnableIRQ
 .text.HAL_NVIC_DisableIRQ
                0x080064a0       0x1c ./Drivers/STM32H7xx_HAL_Driver/Src/stm32h7xx_hal_cortex.o
                0x080064a0                HAL_NVIC_DisableIRQ
 .text.HAL_MPU_Disable
                0x080064bc       0x30 ./Drivers/STM32H7xx_HAL_Driver/Src/stm32h7xx_hal_cortex.o
                0x080064bc                HAL_MPU_Disable
 .text.HAL_MPU_Enable
                0x080064ec       0x40 ./Drivers/STM32H7xx_HAL_Driver/Src/stm32h7xx_hal_cortex.o
                0x080064ec                HAL_MPU_Enable
 .text.HAL_MPU_ConfigRegion
                0x0800652c       0x80 ./Drivers/STM32H7xx_HAL_Driver/Src/stm32h7xx_hal_cortex.o
                0x0800652c                HAL_MPU_ConfigRegion
 .text.HAL_DMA_Init
                0x080065ac      0x6b8 ./Drivers/STM32H7xx_HAL_Driver/Src/stm32h7xx_hal_dma.o
                0x080065ac                HAL_DMA_Init
 .text.HAL_DMA_DeInit
                0x08006c64      0x36c ./Drivers/STM32H7xx_HAL_Driver/Src/stm32h7xx_hal_dma.o
                0x08006c64                HAL_DMA_DeInit
 .text.HAL_DMA_Start_IT
                0x08006fd0      0x4d4 ./Drivers/STM32H7xx_HAL_Driver/Src/stm32h7xx_hal_dma.o
                0x08006fd0                HAL_DMA_Start_IT
 .text.HAL_DMA_Abort
                0x080074a4      0x63c ./Drivers/STM32H7xx_HAL_Driver/Src/stm32h7xx_hal_dma.o
                0x080074a4                HAL_DMA_Abort
 .text.HAL_DMA_Abort_IT
                0x08007ae0      0x48c ./Drivers/STM32H7xx_HAL_Driver/Src/stm32h7xx_hal_dma.o
                0x08007ae0                HAL_DMA_Abort_IT
 .text.HAL_DMA_IRQHandler
                0x08007f6c      0xe54 ./Drivers/STM32H7xx_HAL_Driver/Src/stm32h7xx_hal_dma.o
                0x08007f6c                HAL_DMA_IRQHandler
 .text.HAL_DMA_GetError
                0x08008dc0       0x18 ./Drivers/STM32H7xx_HAL_Driver/Src/stm32h7xx_hal_dma.o
                0x08008dc0                HAL_DMA_GetError
 .text.DMA_SetConfig
                0x08008dd8      0x358 ./Drivers/STM32H7xx_HAL_Driver/Src/stm32h7xx_hal_dma.o
 .text.DMA_CalcBaseAndBitshift
                0x08009130      0x164 ./Drivers/STM32H7xx_HAL_Driver/Src/stm32h7xx_hal_dma.o
 .text.DMA_CheckFifoParam
                0x08009294       0xf8 ./Drivers/STM32H7xx_HAL_Driver/Src/stm32h7xx_hal_dma.o
 .text.DMA_CalcDMAMUXChannelBaseAndMask
                0x0800938c      0x134 ./Drivers/STM32H7xx_HAL_Driver/Src/stm32h7xx_hal_dma.o
 .text.DMA_CalcDMAMUXRequestGenBaseAndMask
                0x080094c0       0xe8 ./Drivers/STM32H7xx_HAL_Driver/Src/stm32h7xx_hal_dma.o
 .text.HAL_GPIO_Init
                0x080095a8      0x360 ./Drivers/STM32H7xx_HAL_Driver/Src/stm32h7xx_hal_gpio.o
                0x080095a8                HAL_GPIO_Init
 .text.HAL_GPIO_DeInit
                0x08009908      0x214 ./Drivers/STM32H7xx_HAL_Driver/Src/stm32h7xx_hal_gpio.o
                0x08009908                HAL_GPIO_DeInit
 .text.HAL_GPIO_WritePin
                0x08009b1c       0x32 ./Drivers/STM32H7xx_HAL_Driver/Src/stm32h7xx_hal_gpio.o
                0x08009b1c                HAL_GPIO_WritePin
 *fill*         0x08009b4e        0x2 
 .text.HAL_I2C_Init
                0x08009b50      0x138 ./Drivers/STM32H7xx_HAL_Driver/Src/stm32h7xx_hal_i2c.o
                0x08009b50                HAL_I2C_Init
 .text.HAL_I2CEx_ConfigAnalogFilter
                0x08009c88       0x96 ./Drivers/STM32H7xx_HAL_Driver/Src/stm32h7xx_hal_i2c_ex.o
                0x08009c88                HAL_I2CEx_ConfigAnalogFilter
 .text.HAL_I2CEx_ConfigDigitalFilter
                0x08009d1e       0x98 ./Drivers/STM32H7xx_HAL_Driver/Src/stm32h7xx_hal_i2c_ex.o
                0x08009d1e                HAL_I2CEx_ConfigDigitalFilter
 .text.HAL_LTDC_Init
                0x08009db6      0x13a ./Drivers/STM32H7xx_HAL_Driver/Src/stm32h7xx_hal_ltdc.o
                0x08009db6                HAL_LTDC_Init
 .text.HAL_LTDC_ConfigLayer
                0x08009ef0       0x7c ./Drivers/STM32H7xx_HAL_Driver/Src/stm32h7xx_hal_ltdc.o
                0x08009ef0                HAL_LTDC_ConfigLayer
 .text.LTDC_SetConfig
                0x08009f6c      0x2ec ./Drivers/STM32H7xx_HAL_Driver/Src/stm32h7xx_hal_ltdc.o
 .text.HAL_MDMA_Init
                0x0800a258       0x98 ./Drivers/STM32H7xx_HAL_Driver/Src/stm32h7xx_hal_mdma.o
                0x0800a258                HAL_MDMA_Init
 .text.HAL_MDMA_ConfigPostRequestMask
                0x0800a2f0       0xa4 ./Drivers/STM32H7xx_HAL_Driver/Src/stm32h7xx_hal_mdma.o
                0x0800a2f0                HAL_MDMA_ConfigPostRequestMask
 .text.HAL_MDMA_IRQHandler
                0x0800a394      0x2a8 ./Drivers/STM32H7xx_HAL_Driver/Src/stm32h7xx_hal_mdma.o
                0x0800a394                HAL_MDMA_IRQHandler
 .text.MDMA_Init
                0x0800a63c      0x130 ./Drivers/STM32H7xx_HAL_Driver/Src/stm32h7xx_hal_mdma.o
 .text.HAL_PWREx_ConfigSupply
                0x0800a76c       0x74 ./Drivers/STM32H7xx_HAL_Driver/Src/stm32h7xx_hal_pwr_ex.o
                0x0800a76c                HAL_PWREx_ConfigSupply
 .text.HAL_RCC_OscConfig
                0x0800a7e0      0x8b4 ./Drivers/STM32H7xx_HAL_Driver/Src/stm32h7xx_hal_rcc.o
                0x0800a7e0                HAL_RCC_OscConfig
 .text.HAL_RCC_ClockConfig
                0x0800b094      0x36c ./Drivers/STM32H7xx_HAL_Driver/Src/stm32h7xx_hal_rcc.o
                0x0800b094                HAL_RCC_ClockConfig
 .text.HAL_RCC_GetSysClockFreq
                0x0800b400      0x2f4 ./Drivers/STM32H7xx_HAL_Driver/Src/stm32h7xx_hal_rcc.o
                0x0800b400                HAL_RCC_GetSysClockFreq
 .text.HAL_RCC_GetHCLKFreq
                0x0800b6f4       0x60 ./Drivers/STM32H7xx_HAL_Driver/Src/stm32h7xx_hal_rcc.o
                0x0800b6f4                HAL_RCC_GetHCLKFreq
 .text.HAL_RCC_GetPCLK1Freq
                0x0800b754       0x2c ./Drivers/STM32H7xx_HAL_Driver/Src/stm32h7xx_hal_rcc.o
                0x0800b754                HAL_RCC_GetPCLK1Freq
 .text.HAL_RCC_GetPCLK2Freq
                0x0800b780       0x2c ./Drivers/STM32H7xx_HAL_Driver/Src/stm32h7xx_hal_rcc.o
                0x0800b780                HAL_RCC_GetPCLK2Freq
 .text.HAL_RCC_GetClockConfig
                0x0800b7ac       0x84 ./Drivers/STM32H7xx_HAL_Driver/Src/stm32h7xx_hal_rcc.o
                0x0800b7ac                HAL_RCC_GetClockConfig
 .text.HAL_RCCEx_PeriphCLKConfig
                0x0800b830     0x1414 ./Drivers/STM32H7xx_HAL_Driver/Src/stm32h7xx_hal_rcc_ex.o
                0x0800b830                HAL_RCCEx_PeriphCLKConfig
 .text.HAL_RCCEx_GetPeriphCLKFreq
                0x0800cc44      0xb00 ./Drivers/STM32H7xx_HAL_Driver/Src/stm32h7xx_hal_rcc_ex.o
                0x0800cc44                HAL_RCCEx_GetPeriphCLKFreq
 .text.HAL_RCCEx_GetD3PCLK1Freq
                0x0800d744       0x2c ./Drivers/STM32H7xx_HAL_Driver/Src/stm32h7xx_hal_rcc_ex.o
                0x0800d744                HAL_RCCEx_GetD3PCLK1Freq
 .text.HAL_RCCEx_GetPLL2ClockFreq
                0x0800d770      0x2a8 ./Drivers/STM32H7xx_HAL_Driver/Src/stm32h7xx_hal_rcc_ex.o
                0x0800d770                HAL_RCCEx_GetPLL2ClockFreq
 .text.HAL_RCCEx_GetPLL3ClockFreq
                0x0800da18      0x2a8 ./Drivers/STM32H7xx_HAL_Driver/Src/stm32h7xx_hal_rcc_ex.o
                0x0800da18                HAL_RCCEx_GetPLL3ClockFreq
 .text.HAL_RCCEx_GetPLL1ClockFreq
                0x0800dcc0      0x2a4 ./Drivers/STM32H7xx_HAL_Driver/Src/stm32h7xx_hal_rcc_ex.o
                0x0800dcc0                HAL_RCCEx_GetPLL1ClockFreq
 .text.RCCEx_PLL2_Config
                0x0800df64      0x164 ./Drivers/STM32H7xx_HAL_Driver/Src/stm32h7xx_hal_rcc_ex.o
 .text.RCCEx_PLL3_Config
                0x0800e0c8      0x164 ./Drivers/STM32H7xx_HAL_Driver/Src/stm32h7xx_hal_rcc_ex.o
 .text.HAL_SD_Init
                0x0800e22c      0x106 ./Drivers/STM32H7xx_HAL_Driver/Src/stm32h7xx_hal_sd.o
                0x0800e22c                HAL_SD_Init
 *fill*         0x0800e332        0x2 
 .text.HAL_SD_InitCard
                0x0800e334      0x138 ./Drivers/STM32H7xx_HAL_Driver/Src/stm32h7xx_hal_sd.o
                0x0800e334                HAL_SD_InitCard
 .text.HAL_SD_ReadBlocks_DMA
                0x0800e46c      0x150 ./Drivers/STM32H7xx_HAL_Driver/Src/stm32h7xx_hal_sd.o
                0x0800e46c                HAL_SD_ReadBlocks_DMA
 .text.HAL_SD_WriteBlocks_DMA
                0x0800e5bc      0x150 ./Drivers/STM32H7xx_HAL_Driver/Src/stm32h7xx_hal_sd.o
                0x0800e5bc                HAL_SD_WriteBlocks_DMA
 .text.HAL_SD_IRQHandler
                0x0800e70c      0x370 ./Drivers/STM32H7xx_HAL_Driver/Src/stm32h7xx_hal_sd.o
                0x0800e70c                HAL_SD_IRQHandler
 .text.HAL_SD_ErrorCallback
                0x0800ea7c       0x14 ./Drivers/STM32H7xx_HAL_Driver/Src/stm32h7xx_hal_sd.o
                0x0800ea7c                HAL_SD_ErrorCallback
 .text.HAL_SD_GetCardCSD
                0x0800ea90      0x348 ./Drivers/STM32H7xx_HAL_Driver/Src/stm32h7xx_hal_sd.o
                0x0800ea90                HAL_SD_GetCardCSD
 .text.HAL_SD_GetCardStatus
                0x0800edd8      0x17c ./Drivers/STM32H7xx_HAL_Driver/Src/stm32h7xx_hal_sd.o
                0x0800edd8                HAL_SD_GetCardStatus
 .text.HAL_SD_GetCardInfo
                0x0800ef54       0x58 ./Drivers/STM32H7xx_HAL_Driver/Src/stm32h7xx_hal_sd.o
                0x0800ef54                HAL_SD_GetCardInfo
 .text.HAL_SD_ConfigWideBusOperation
                0x0800efac      0x224 ./Drivers/STM32H7xx_HAL_Driver/Src/stm32h7xx_hal_sd.o
                0x0800efac                HAL_SD_ConfigWideBusOperation
 .text.HAL_SD_GetCardState
                0x0800f1d0       0x40 ./Drivers/STM32H7xx_HAL_Driver/Src/stm32h7xx_hal_sd.o
                0x0800f1d0                HAL_SD_GetCardState
 .text.SD_InitCard
                0x0800f210      0x19c ./Drivers/STM32H7xx_HAL_Driver/Src/stm32h7xx_hal_sd.o
 .text.SD_PowerON
                0x0800f3ac      0x11c ./Drivers/STM32H7xx_HAL_Driver/Src/stm32h7xx_hal_sd.o
 .text.SD_SendSDStatus
                0x0800f4c8      0x1a0 ./Drivers/STM32H7xx_HAL_Driver/Src/stm32h7xx_hal_sd.o
 .text.SD_SendStatus
                0x0800f668       0x50 ./Drivers/STM32H7xx_HAL_Driver/Src/stm32h7xx_hal_sd.o
 .text.SD_WideBus_Enable
                0x0800f6b8       0x96 ./Drivers/STM32H7xx_HAL_Driver/Src/stm32h7xx_hal_sd.o
 .text.SD_WideBus_Disable
                0x0800f74e       0x96 ./Drivers/STM32H7xx_HAL_Driver/Src/stm32h7xx_hal_sd.o
 .text.SD_FindSCR
                0x0800f7e4      0x1a0 ./Drivers/STM32H7xx_HAL_Driver/Src/stm32h7xx_hal_sd.o
 .text.SD_Read_IT
                0x0800f984       0x8c ./Drivers/STM32H7xx_HAL_Driver/Src/stm32h7xx_hal_sd.o
 .text.SD_Write_IT
                0x0800fa10       0x94 ./Drivers/STM32H7xx_HAL_Driver/Src/stm32h7xx_hal_sd.o
 .text.HAL_SDEx_Read_DMADoubleBuf0CpltCallback
                0x0800faa4       0x14 ./Drivers/STM32H7xx_HAL_Driver/Src/stm32h7xx_hal_sd.o
                0x0800faa4                HAL_SDEx_Read_DMADoubleBuf0CpltCallback
 .text.HAL_SDEx_Read_DMADoubleBuf1CpltCallback
                0x0800fab8       0x14 ./Drivers/STM32H7xx_HAL_Driver/Src/stm32h7xx_hal_sd.o
                0x0800fab8                HAL_SDEx_Read_DMADoubleBuf1CpltCallback
 .text.HAL_SDEx_Write_DMADoubleBuf0CpltCallback
                0x0800facc       0x14 ./Drivers/STM32H7xx_HAL_Driver/Src/stm32h7xx_hal_sd.o
                0x0800facc                HAL_SDEx_Write_DMADoubleBuf0CpltCallback
 .text.HAL_SDEx_Write_DMADoubleBuf1CpltCallback
                0x0800fae0       0x14 ./Drivers/STM32H7xx_HAL_Driver/Src/stm32h7xx_hal_sd.o
                0x0800fae0                HAL_SDEx_Write_DMADoubleBuf1CpltCallback
 .text.HAL_SDRAM_Init
                0x0800faf4       0x78 ./Drivers/STM32H7xx_HAL_Driver/Src/stm32h7xx_hal_sdram.o
                0x0800faf4                HAL_SDRAM_Init
 .text.HAL_TIM_Base_Init
                0x0800fb6c       0xae ./Drivers/STM32H7xx_HAL_Driver/Src/stm32h7xx_hal_tim.o
                0x0800fb6c                HAL_TIM_Base_Init
 *fill*         0x0800fc1a        0x2 
 .text.HAL_TIM_Base_Start_IT
                0x0800fc1c       0xf0 ./Drivers/STM32H7xx_HAL_Driver/Src/stm32h7xx_hal_tim.o
                0x0800fc1c                HAL_TIM_Base_Start_IT
 .text.HAL_TIM_IRQHandler
                0x0800fd0c      0x20e ./Drivers/STM32H7xx_HAL_Driver/Src/stm32h7xx_hal_tim.o
                0x0800fd0c                HAL_TIM_IRQHandler
 *fill*         0x0800ff1a        0x2 
 .text.HAL_TIM_ConfigClockSource
                0x0800ff1c      0x1f0 ./Drivers/STM32H7xx_HAL_Driver/Src/stm32h7xx_hal_tim.o
                0x0800ff1c                HAL_TIM_ConfigClockSource
 .text.HAL_TIM_OC_DelayElapsedCallback
                0x0801010c       0x14 ./Drivers/STM32H7xx_HAL_Driver/Src/stm32h7xx_hal_tim.o
                0x0801010c                HAL_TIM_OC_DelayElapsedCallback
 .text.HAL_TIM_IC_CaptureCallback
                0x08010120       0x14 ./Drivers/STM32H7xx_HAL_Driver/Src/stm32h7xx_hal_tim.o
                0x08010120                HAL_TIM_IC_CaptureCallback
 .text.HAL_TIM_PWM_PulseFinishedCallback
                0x08010134       0x14 ./Drivers/STM32H7xx_HAL_Driver/Src/stm32h7xx_hal_tim.o
                0x08010134                HAL_TIM_PWM_PulseFinishedCallback
 .text.HAL_TIM_TriggerCallback
                0x08010148       0x14 ./Drivers/STM32H7xx_HAL_Driver/Src/stm32h7xx_hal_tim.o
                0x08010148                HAL_TIM_TriggerCallback
 .text.TIM_Base_SetConfig
                0x0801015c      0x140 ./Drivers/STM32H7xx_HAL_Driver/Src/stm32h7xx_hal_tim.o
                0x0801015c                TIM_Base_SetConfig
 .text.TIM_TI1_ConfigInputStage
                0x0801029c       0x5e ./Drivers/STM32H7xx_HAL_Driver/Src/stm32h7xx_hal_tim.o
 .text.TIM_TI2_ConfigInputStage
                0x080102fa       0x60 ./Drivers/STM32H7xx_HAL_Driver/Src/stm32h7xx_hal_tim.o
 *fill*         0x0801035a        0x2 
 .text.TIM_ITRx_SetConfig
                0x0801035c       0x3c ./Drivers/STM32H7xx_HAL_Driver/Src/stm32h7xx_hal_tim.o
 .text.TIM_ETR_SetConfig
                0x08010398       0x40 ./Drivers/STM32H7xx_HAL_Driver/Src/stm32h7xx_hal_tim.o
                0x08010398                TIM_ETR_SetConfig
 .text.HAL_TIMEx_MasterConfigSynchronization
                0x080103d8      0x11c ./Drivers/STM32H7xx_HAL_Driver/Src/stm32h7xx_hal_tim_ex.o
                0x080103d8                HAL_TIMEx_MasterConfigSynchronization
 .text.HAL_TIMEx_CommutCallback
                0x080104f4       0x14 ./Drivers/STM32H7xx_HAL_Driver/Src/stm32h7xx_hal_tim_ex.o
                0x080104f4                HAL_TIMEx_CommutCallback
 .text.HAL_TIMEx_BreakCallback
                0x08010508       0x14 ./Drivers/STM32H7xx_HAL_Driver/Src/stm32h7xx_hal_tim_ex.o
                0x08010508                HAL_TIMEx_BreakCallback
 .text.HAL_TIMEx_Break2Callback
                0x0801051c       0x14 ./Drivers/STM32H7xx_HAL_Driver/Src/stm32h7xx_hal_tim_ex.o
                0x0801051c                HAL_TIMEx_Break2Callback
 .text.HAL_UART_Init
                0x08010530       0xa0 ./Drivers/STM32H7xx_HAL_Driver/Src/stm32h7xx_hal_uart.o
                0x08010530                HAL_UART_Init
 .text.HAL_UART_Transmit
                0x080105d0      0x11c ./Drivers/STM32H7xx_HAL_Driver/Src/stm32h7xx_hal_uart.o
                0x080105d0                HAL_UART_Transmit
 .text.HAL_UART_Transmit_DMA
                0x080106ec      0x100 ./Drivers/STM32H7xx_HAL_Driver/Src/stm32h7xx_hal_uart.o
                0x080106ec                HAL_UART_Transmit_DMA
 .text.HAL_UART_Receive_DMA
                0x080107ec       0x98 ./Drivers/STM32H7xx_HAL_Driver/Src/stm32h7xx_hal_uart.o
                0x080107ec                HAL_UART_Receive_DMA
 .text.HAL_UART_DMAStop
                0x08010884      0x12c ./Drivers/STM32H7xx_HAL_Driver/Src/stm32h7xx_hal_uart.o
                0x08010884                HAL_UART_DMAStop
 .text.HAL_UART_IRQHandler
                0x080109b0      0x7ac ./Drivers/STM32H7xx_HAL_Driver/Src/stm32h7xx_hal_uart.o
                0x080109b0                HAL_UART_IRQHandler
 .text.HAL_UART_TxHalfCpltCallback
                0x0801115c       0x14 ./Drivers/STM32H7xx_HAL_Driver/Src/stm32h7xx_hal_uart.o
                0x0801115c                HAL_UART_TxHalfCpltCallback
 .text.HAL_UART_RxHalfCpltCallback
                0x08011170       0x14 ./Drivers/STM32H7xx_HAL_Driver/Src/stm32h7xx_hal_uart.o
                0x08011170                HAL_UART_RxHalfCpltCallback
 .text.HAL_UARTEx_RxEventCallback
                0x08011184       0x18 ./Drivers/STM32H7xx_HAL_Driver/Src/stm32h7xx_hal_uart.o
                0x08011184                HAL_UARTEx_RxEventCallback
 .text.UART_SetConfig
                0x0801119c      0xad0 ./Drivers/STM32H7xx_HAL_Driver/Src/stm32h7xx_hal_uart.o
                0x0801119c                UART_SetConfig
 .text.UART_AdvFeatureConfig
                0x08011c6c      0x144 ./Drivers/STM32H7xx_HAL_Driver/Src/stm32h7xx_hal_uart.o
                0x08011c6c                UART_AdvFeatureConfig
 .text.UART_CheckIdleState
                0x08011db0      0x154 ./Drivers/STM32H7xx_HAL_Driver/Src/stm32h7xx_hal_uart.o
                0x08011db0                UART_CheckIdleState
 .text.UART_WaitOnFlagUntilTimeout
                0x08011f04       0xda ./Drivers/STM32H7xx_HAL_Driver/Src/stm32h7xx_hal_uart.o
                0x08011f04                UART_WaitOnFlagUntilTimeout
 *fill*         0x08011fde        0x2 
 .text.UART_Start_Receive_DMA
                0x08011fe0      0x14c ./Drivers/STM32H7xx_HAL_Driver/Src/stm32h7xx_hal_uart.o
                0x08011fe0                UART_Start_Receive_DMA
 .text.UART_EndTxTransfer
                0x0801212c       0x82 ./Drivers/STM32H7xx_HAL_Driver/Src/stm32h7xx_hal_uart.o
 *fill*         0x080121ae        0x2 
 .text.UART_EndRxTransfer
                0x080121b0       0xcc ./Drivers/STM32H7xx_HAL_Driver/Src/stm32h7xx_hal_uart.o
 .text.UART_DMATransmitCplt
                0x0801227c       0x96 ./Drivers/STM32H7xx_HAL_Driver/Src/stm32h7xx_hal_uart.o
 .text.UART_DMATxHalfCplt
                0x08012312       0x1c ./Drivers/STM32H7xx_HAL_Driver/Src/stm32h7xx_hal_uart.o
 .text.UART_DMAReceiveCplt
                0x0801232e      0x128 ./Drivers/STM32H7xx_HAL_Driver/Src/stm32h7xx_hal_uart.o
 .text.UART_DMARxHalfCplt
                0x08012456       0x3e ./Drivers/STM32H7xx_HAL_Driver/Src/stm32h7xx_hal_uart.o
 .text.UART_DMAError
                0x08012494       0x80 ./Drivers/STM32H7xx_HAL_Driver/Src/stm32h7xx_hal_uart.o
 .text.UART_DMAAbortOnError
                0x08012514       0x24 ./Drivers/STM32H7xx_HAL_Driver/Src/stm32h7xx_hal_uart.o
 .text.UART_EndTransmit_IT
                0x08012538       0x56 ./Drivers/STM32H7xx_HAL_Driver/Src/stm32h7xx_hal_uart.o
 .text.HAL_UARTEx_WakeupCallback
                0x0801258e       0x14 ./Drivers/STM32H7xx_HAL_Driver/Src/stm32h7xx_hal_uart_ex.o
                0x0801258e                HAL_UARTEx_WakeupCallback
 .text.HAL_UARTEx_RxFifoFullCallback
                0x080125a2       0x14 ./Drivers/STM32H7xx_HAL_Driver/Src/stm32h7xx_hal_uart_ex.o
                0x080125a2                HAL_UARTEx_RxFifoFullCallback
 .text.HAL_UARTEx_TxFifoEmptyCallback
                0x080125b6       0x14 ./Drivers/STM32H7xx_HAL_Driver/Src/stm32h7xx_hal_uart_ex.o
                0x080125b6                HAL_UARTEx_TxFifoEmptyCallback
 .text.HAL_UARTEx_DisableFifoMode
                0x080125ca       0x72 ./Drivers/STM32H7xx_HAL_Driver/Src/stm32h7xx_hal_uart_ex.o
                0x080125ca                HAL_UARTEx_DisableFifoMode
 .text.HAL_UARTEx_SetTxFifoThreshold
                0x0801263c       0x7c ./Drivers/STM32H7xx_HAL_Driver/Src/stm32h7xx_hal_uart_ex.o
                0x0801263c                HAL_UARTEx_SetTxFifoThreshold
 .text.HAL_UARTEx_SetRxFifoThreshold
                0x080126b8       0x7c ./Drivers/STM32H7xx_HAL_Driver/Src/stm32h7xx_hal_uart_ex.o
                0x080126b8                HAL_UARTEx_SetRxFifoThreshold
 .text.UARTEx_SetNbDataToProcess
                0x08012734       0x9c ./Drivers/STM32H7xx_HAL_Driver/Src/stm32h7xx_hal_uart_ex.o
 .text.FMC_SDRAM_Init
                0x080127d0       0xb8 ./Drivers/STM32H7xx_HAL_Driver/Src/stm32h7xx_ll_fmc.o
                0x080127d0                FMC_SDRAM_Init
 .text.FMC_SDRAM_Timing_Init
                0x08012888       0xd4 ./Drivers/STM32H7xx_HAL_Driver/Src/stm32h7xx_ll_fmc.o
                0x08012888                FMC_SDRAM_Timing_Init
 .text.SDMMC_Init
                0x0801295c       0x54 ./Drivers/STM32H7xx_HAL_Driver/Src/stm32h7xx_ll_sdmmc.o
                0x0801295c                SDMMC_Init
 .text.SDMMC_ReadFIFO
                0x080129b0       0x1a ./Drivers/STM32H7xx_HAL_Driver/Src/stm32h7xx_ll_sdmmc.o
                0x080129b0                SDMMC_ReadFIFO
 .text.SDMMC_WriteFIFO
                0x080129ca       0x22 ./Drivers/STM32H7xx_HAL_Driver/Src/stm32h7xx_ll_sdmmc.o
                0x080129ca                SDMMC_WriteFIFO
 .text.SDMMC_PowerState_ON
                0x080129ec       0x22 ./Drivers/STM32H7xx_HAL_Driver/Src/stm32h7xx_ll_sdmmc.o
                0x080129ec                SDMMC_PowerState_ON
 .text.SDMMC_GetPowerState
                0x08012a0e       0x1c ./Drivers/STM32H7xx_HAL_Driver/Src/stm32h7xx_ll_sdmmc.o
                0x08012a0e                SDMMC_GetPowerState
 *fill*         0x08012a2a        0x2 
 .text.SDMMC_SendCommand
                0x08012a2c       0x54 ./Drivers/STM32H7xx_HAL_Driver/Src/stm32h7xx_ll_sdmmc.o
                0x08012a2c                SDMMC_SendCommand
 .text.SDMMC_GetCommandResponse
                0x08012a80       0x1a ./Drivers/STM32H7xx_HAL_Driver/Src/stm32h7xx_ll_sdmmc.o
                0x08012a80                SDMMC_GetCommandResponse
 .text.SDMMC_GetResponse
                0x08012a9a       0x26 ./Drivers/STM32H7xx_HAL_Driver/Src/stm32h7xx_ll_sdmmc.o
                0x08012a9a                SDMMC_GetResponse
 .text.SDMMC_ConfigData
                0x08012ac0       0x58 ./Drivers/STM32H7xx_HAL_Driver/Src/stm32h7xx_ll_sdmmc.o
                0x08012ac0                SDMMC_ConfigData
 .text.SDMMC_CmdBlockLength
                0x08012b18       0x46 ./Drivers/STM32H7xx_HAL_Driver/Src/stm32h7xx_ll_sdmmc.o
                0x08012b18                SDMMC_CmdBlockLength
 .text.SDMMC_CmdReadSingleBlock
                0x08012b5e       0x46 ./Drivers/STM32H7xx_HAL_Driver/Src/stm32h7xx_ll_sdmmc.o
                0x08012b5e                SDMMC_CmdReadSingleBlock
 .text.SDMMC_CmdReadMultiBlock
                0x08012ba4       0x46 ./Drivers/STM32H7xx_HAL_Driver/Src/stm32h7xx_ll_sdmmc.o
                0x08012ba4                SDMMC_CmdReadMultiBlock
 .text.SDMMC_CmdWriteSingleBlock
                0x08012bea       0x46 ./Drivers/STM32H7xx_HAL_Driver/Src/stm32h7xx_ll_sdmmc.o
                0x08012bea                SDMMC_CmdWriteSingleBlock
 .text.SDMMC_CmdWriteMultiBlock
                0x08012c30       0x46 ./Drivers/STM32H7xx_HAL_Driver/Src/stm32h7xx_ll_sdmmc.o
                0x08012c30                SDMMC_CmdWriteMultiBlock
 *fill*         0x08012c76        0x2 
 .text.SDMMC_CmdStopTransfer
                0x08012c78       0x78 ./Drivers/STM32H7xx_HAL_Driver/Src/stm32h7xx_ll_sdmmc.o
                0x08012c78                SDMMC_CmdStopTransfer
 .text.SDMMC_CmdSelDesel
                0x08012cf0       0x46 ./Drivers/STM32H7xx_HAL_Driver/Src/stm32h7xx_ll_sdmmc.o
                0x08012cf0                SDMMC_CmdSelDesel
 .text.SDMMC_CmdGoIdleState
                0x08012d36       0x3c ./Drivers/STM32H7xx_HAL_Driver/Src/stm32h7xx_ll_sdmmc.o
                0x08012d36                SDMMC_CmdGoIdleState
 .text.SDMMC_CmdOperCond
                0x08012d72       0x40 ./Drivers/STM32H7xx_HAL_Driver/Src/stm32h7xx_ll_sdmmc.o
                0x08012d72                SDMMC_CmdOperCond
 .text.SDMMC_CmdAppCommand
                0x08012db2       0x46 ./Drivers/STM32H7xx_HAL_Driver/Src/stm32h7xx_ll_sdmmc.o
                0x08012db2                SDMMC_CmdAppCommand
 .text.SDMMC_CmdAppOperCommand
                0x08012df8       0x40 ./Drivers/STM32H7xx_HAL_Driver/Src/stm32h7xx_ll_sdmmc.o
                0x08012df8                SDMMC_CmdAppOperCommand
 .text.SDMMC_CmdBusWidth
                0x08012e38       0x46 ./Drivers/STM32H7xx_HAL_Driver/Src/stm32h7xx_ll_sdmmc.o
                0x08012e38                SDMMC_CmdBusWidth
 .text.SDMMC_CmdSendSCR
                0x08012e7e       0x44 ./Drivers/STM32H7xx_HAL_Driver/Src/stm32h7xx_ll_sdmmc.o
                0x08012e7e                SDMMC_CmdSendSCR
 .text.SDMMC_CmdSendCID
                0x08012ec2       0x3e ./Drivers/STM32H7xx_HAL_Driver/Src/stm32h7xx_ll_sdmmc.o
                0x08012ec2                SDMMC_CmdSendCID
 .text.SDMMC_CmdSendCSD
                0x08012f00       0x40 ./Drivers/STM32H7xx_HAL_Driver/Src/stm32h7xx_ll_sdmmc.o
                0x08012f00                SDMMC_CmdSendCSD
 .text.SDMMC_CmdSetRelAdd
                0x08012f40       0x44 ./Drivers/STM32H7xx_HAL_Driver/Src/stm32h7xx_ll_sdmmc.o
                0x08012f40                SDMMC_CmdSetRelAdd
 .text.SDMMC_CmdSendStatus
                0x08012f84       0x46 ./Drivers/STM32H7xx_HAL_Driver/Src/stm32h7xx_ll_sdmmc.o
                0x08012f84                SDMMC_CmdSendStatus
 .text.SDMMC_CmdStatusRegister
                0x08012fca       0x44 ./Drivers/STM32H7xx_HAL_Driver/Src/stm32h7xx_ll_sdmmc.o
                0x08012fca                SDMMC_CmdStatusRegister
 *fill*         0x0801300e        0x2 
 .text.SDMMC_GetCmdResp1
                0x08013010      0x1e4 ./Drivers/STM32H7xx_HAL_Driver/Src/stm32h7xx_ll_sdmmc.o
                0x08013010                SDMMC_GetCmdResp1
 .text.SDMMC_GetCmdResp2
                0x080131f4       0x94 ./Drivers/STM32H7xx_HAL_Driver/Src/stm32h7xx_ll_sdmmc.o
                0x080131f4                SDMMC_GetCmdResp2
 .text.SDMMC_GetCmdResp3
                0x08013288       0x80 ./Drivers/STM32H7xx_HAL_Driver/Src/stm32h7xx_ll_sdmmc.o
                0x08013288                SDMMC_GetCmdResp3
 .text.SDMMC_GetCmdResp6
                0x08013308       0xf0 ./Drivers/STM32H7xx_HAL_Driver/Src/stm32h7xx_ll_sdmmc.o
                0x08013308                SDMMC_GetCmdResp6
 .text.SDMMC_GetCmdResp7
                0x080133f8       0x9c ./Drivers/STM32H7xx_HAL_Driver/Src/stm32h7xx_ll_sdmmc.o
                0x080133f8                SDMMC_GetCmdResp7
 .text.SDMMC_GetCmdError
                0x08013494       0x5c ./Drivers/STM32H7xx_HAL_Driver/Src/stm32h7xx_ll_sdmmc.o
 .text.MX_FATFS_Init
                0x080134f0       0x28 ./FATFS/App/fatfs.o
                0x080134f0                MX_FATFS_Init
 .text.BSP_SD_Init
                0x08013518       0x4c ./FATFS/Target/bsp_driver_sd.o
                0x08013518                BSP_SD_Init
 .text.BSP_SD_ReadBlocks_DMA
                0x08013564       0x34 ./FATFS/Target/bsp_driver_sd.o
                0x08013564                BSP_SD_ReadBlocks_DMA
 .text.BSP_SD_WriteBlocks_DMA
                0x08013598       0x34 ./FATFS/Target/bsp_driver_sd.o
                0x08013598                BSP_SD_WriteBlocks_DMA
 .text.BSP_SD_GetCardState
                0x080135cc       0x20 ./FATFS/Target/bsp_driver_sd.o
                0x080135cc                BSP_SD_GetCardState
 .text.BSP_SD_GetCardInfo
                0x080135ec       0x1c ./FATFS/Target/bsp_driver_sd.o
                0x080135ec                BSP_SD_GetCardInfo
 .text.HAL_SD_TxCpltCallback
                0x08013608       0x14 ./FATFS/Target/bsp_driver_sd.o
                0x08013608                HAL_SD_TxCpltCallback
 .text.HAL_SD_RxCpltCallback
                0x0801361c       0x14 ./FATFS/Target/bsp_driver_sd.o
                0x0801361c                HAL_SD_RxCpltCallback
 .text.BSP_SD_IsDetected
                0x08013630       0x1a ./FATFS/Target/bsp_driver_sd.o
                0x08013630                BSP_SD_IsDetected
 .text.SD_CheckStatusWithTimeout
                0x0801364a       0x3a ./FATFS/Target/sd_diskio.o
 .text.SD_CheckStatus
                0x08013684       0x3c ./FATFS/Target/sd_diskio.o
 .text.SD_initialize
                0x080136c0       0x98 ./FATFS/Target/sd_diskio.o
                0x080136c0                SD_initialize
 .text.SD_status
                0x08013758       0x1c ./FATFS/Target/sd_diskio.o
                0x08013758                SD_status
 .text.SD_read  0x08013774      0x22c ./FATFS/Target/sd_diskio.o
                0x08013774                SD_read
 .text.SD_write
                0x080139a0      0x218 ./FATFS/Target/sd_diskio.o
                0x080139a0                SD_write
 .text.SD_ioctl
                0x08013bb8       0xb0 ./FATFS/Target/sd_diskio.o
                0x08013bb8                SD_ioctl
 .text.BSP_SD_WriteCpltCallback
                0x08013c68       0x1c ./FATFS/Target/sd_diskio.o
                0x08013c68                BSP_SD_WriteCpltCallback
 .text.BSP_SD_ReadCpltCallback
                0x08013c84       0x1c ./FATFS/Target/sd_diskio.o
                0x08013c84                BSP_SD_ReadCpltCallback
 .text.disk_status
                0x08013ca0       0x34 ./Middlewares/Third_Party/FatFs/src/diskio.o
                0x08013ca0                disk_status
 .text.disk_initialize
                0x08013cd4       0x50 ./Middlewares/Third_Party/FatFs/src/diskio.o
                0x08013cd4                disk_initialize
 .text.disk_read
                0x08013d24       0x40 ./Middlewares/Third_Party/FatFs/src/diskio.o
                0x08013d24                disk_read
 .text.disk_write
                0x08013d64       0x40 ./Middlewares/Third_Party/FatFs/src/diskio.o
                0x08013d64                disk_write
 .text.ld_word  0x08013da4       0x32 ./Middlewares/Third_Party/FatFs/src/ff.o
 .text.ld_dword
                0x08013dd6       0x46 ./Middlewares/Third_Party/FatFs/src/ff.o
 .text.lock_fs  0x08013e1c       0x2c ./Middlewares/Third_Party/FatFs/src/ff.o
 .text.unlock_fs
                0x08013e48       0x36 ./Middlewares/Third_Party/FatFs/src/ff.o
 *fill*         0x08013e7e        0x2 
 .text.clear_lock
                0x08013e80       0x48 ./Middlewares/Third_Party/FatFs/src/ff.o
 .text.sync_window
                0x08013ec8       0x88 ./Middlewares/Third_Party/FatFs/src/ff.o
 .text.move_window
                0x08013f50       0x5a ./Middlewares/Third_Party/FatFs/src/ff.o
 .text.get_ldnumber
                0x08013faa       0x88 ./Middlewares/Third_Party/FatFs/src/ff.o
 *fill*         0x08014032        0x2 
 .text.check_fs
                0x08014034       0xac ./Middlewares/Third_Party/FatFs/src/ff.o
 .text.find_volume
                0x080140e0      0x4ac ./Middlewares/Third_Party/FatFs/src/ff.o
 .text.f_mount  0x0801458c       0xc8 ./Middlewares/Third_Party/FatFs/src/ff.o
                0x0801458c                f_mount
 .text.FATFS_LinkDriverEx
                0x08014654       0x98 ./Middlewares/Third_Party/FatFs/src/ff_gen_drv.o
                0x08014654                FATFS_LinkDriverEx
 .text.FATFS_LinkDriver
                0x080146ec       0x1e ./Middlewares/Third_Party/FatFs/src/ff_gen_drv.o
                0x080146ec                FATFS_LinkDriver
 .text.ff_cre_syncobj
                0x0801470a       0x40 ./Middlewares/Third_Party/FatFs/src/option/syscall.o
                0x0801470a                ff_cre_syncobj
 .text.ff_del_syncobj
                0x0801474a       0x18 ./Middlewares/Third_Party/FatFs/src/option/syscall.o
                0x0801474a                ff_del_syncobj
 .text.ff_req_grant
                0x08014762       0x2a ./Middlewares/Third_Party/FatFs/src/option/syscall.o
                0x08014762                ff_req_grant
 .text.ff_rel_grant
                0x0801478c       0x16 ./Middlewares/Third_Party/FatFs/src/option/syscall.o
                0x0801478c                ff_rel_grant
 .text.makeFreeRtosPriority
                0x080147a2       0x30 ./Middlewares/Third_Party/FreeRTOS/Source/CMSIS_RTOS/cmsis_os.o
 .text.inHandlerMode
                0x080147d2       0x24 ./Middlewares/Third_Party/FreeRTOS/Source/CMSIS_RTOS/cmsis_os.o
 .text.osKernelStart
                0x080147f6        0xe ./Middlewares/Third_Party/FreeRTOS/Source/CMSIS_RTOS/cmsis_os.o
                0x080147f6                osKernelStart
 .text.osKernelRunning
                0x08014804       0x18 ./Middlewares/Third_Party/FreeRTOS/Source/CMSIS_RTOS/cmsis_os.o
                0x08014804                osKernelRunning
 .text.osKernelSysTick
                0x0801481c       0x20 ./Middlewares/Third_Party/FreeRTOS/Source/CMSIS_RTOS/cmsis_os.o
                0x0801481c                osKernelSysTick
 .text.osThreadCreate
                0x0801483c       0x98 ./Middlewares/Third_Party/FreeRTOS/Source/CMSIS_RTOS/cmsis_os.o
                0x0801483c                osThreadCreate
 .text.osDelay  0x080148d4       0x28 ./Middlewares/Third_Party/FreeRTOS/Source/CMSIS_RTOS/cmsis_os.o
                0x080148d4                osDelay
 .text.osSemaphoreCreate
                0x080148fc       0x64 ./Middlewares/Third_Party/FreeRTOS/Source/CMSIS_RTOS/cmsis_os.o
                0x080148fc                osSemaphoreCreate
 .text.osSemaphoreWait
                0x08014960       0x9c ./Middlewares/Third_Party/FreeRTOS/Source/CMSIS_RTOS/cmsis_os.o
                0x08014960                osSemaphoreWait
 .text.osSemaphoreRelease
                0x080149fc       0x6c ./Middlewares/Third_Party/FreeRTOS/Source/CMSIS_RTOS/cmsis_os.o
                0x080149fc                osSemaphoreRelease
 .text.osSemaphoreDelete
                0x08014a68       0x26 ./Middlewares/Third_Party/FreeRTOS/Source/CMSIS_RTOS/cmsis_os.o
                0x08014a68                osSemaphoreDelete
 .text.osMessageCreate
                0x08014a8e       0x50 ./Middlewares/Third_Party/FreeRTOS/Source/CMSIS_RTOS/cmsis_os.o
                0x08014a8e                osMessageCreate
 *fill*         0x08014ade        0x2 
 .text.osMessagePut
                0x08014ae0       0x80 ./Middlewares/Third_Party/FreeRTOS/Source/CMSIS_RTOS/cmsis_os.o
                0x08014ae0                osMessagePut
 .text.osMessageGet
                0x08014b60       0xe8 ./Middlewares/Third_Party/FreeRTOS/Source/CMSIS_RTOS/cmsis_os.o
                0x08014b60                osMessageGet
 .text.vListInitialise
                0x08014c48       0x40 ./Middlewares/Third_Party/FreeRTOS/Source/list.o
                0x08014c48                vListInitialise
 .text.vListInitialiseItem
                0x08014c88       0x1a ./Middlewares/Third_Party/FreeRTOS/Source/list.o
                0x08014c88                vListInitialiseItem
 .text.vListInsertEnd
                0x08014ca2       0x48 ./Middlewares/Third_Party/FreeRTOS/Source/list.o
                0x08014ca2                vListInsertEnd
 .text.vListInsert
                0x08014cea       0x72 ./Middlewares/Third_Party/FreeRTOS/Source/list.o
                0x08014cea                vListInsert
 .text.uxListRemove
                0x08014d5c       0x54 ./Middlewares/Third_Party/FreeRTOS/Source/list.o
                0x08014d5c                uxListRemove
 .text.xQueueGenericReset
                0x08014db0       0xd4 ./Middlewares/Third_Party/FreeRTOS/Source/queue.o
                0x08014db0                xQueueGenericReset
 .text.xQueueGenericCreateStatic
                0x08014e84       0xfa ./Middlewares/Third_Party/FreeRTOS/Source/queue.o
                0x08014e84                xQueueGenericCreateStatic
 .text.xQueueGenericCreate
                0x08014f7e       0x76 ./Middlewares/Third_Party/FreeRTOS/Source/queue.o
                0x08014f7e                xQueueGenericCreate
 .text.prvInitialiseNewQueue
                0x08014ff4       0x46 ./Middlewares/Third_Party/FreeRTOS/Source/queue.o
 *fill*         0x0801503a        0x2 
 .text.xQueueGenericSend
                0x0801503c      0x204 ./Middlewares/Third_Party/FreeRTOS/Source/queue.o
                0x0801503c                xQueueGenericSend
 .text.xQueueGenericSendFromISR
                0x08015240      0x13c ./Middlewares/Third_Party/FreeRTOS/Source/queue.o
                0x08015240                xQueueGenericSendFromISR
 .text.xQueueGiveFromISR
                0x0801537c      0x120 ./Middlewares/Third_Party/FreeRTOS/Source/queue.o
                0x0801537c                xQueueGiveFromISR
 .text.xQueueReceive
                0x0801549c      0x1c4 ./Middlewares/Third_Party/FreeRTOS/Source/queue.o
                0x0801549c                xQueueReceive
 .text.xQueueSemaphoreTake
                0x08015660      0x220 ./Middlewares/Third_Party/FreeRTOS/Source/queue.o
                0x08015660                xQueueSemaphoreTake
 .text.xQueueReceiveFromISR
                0x08015880      0x104 ./Middlewares/Third_Party/FreeRTOS/Source/queue.o
                0x08015880                xQueueReceiveFromISR
 .text.vQueueDelete
                0x08015984       0x48 ./Middlewares/Third_Party/FreeRTOS/Source/queue.o
                0x08015984                vQueueDelete
 .text.prvGetDisinheritPriorityAfterTimeout
                0x080159cc       0x30 ./Middlewares/Third_Party/FreeRTOS/Source/queue.o
 .text.prvCopyDataToQueue
                0x080159fc       0xd4 ./Middlewares/Third_Party/FreeRTOS/Source/queue.o
 .text.prvCopyDataFromQueue
                0x08015ad0       0x4c ./Middlewares/Third_Party/FreeRTOS/Source/queue.o
 .text.prvUnlockQueue
                0x08015b1c       0xa4 ./Middlewares/Third_Party/FreeRTOS/Source/queue.o
 .text.prvIsQueueEmpty
                0x08015bc0       0x2c ./Middlewares/Third_Party/FreeRTOS/Source/queue.o
 .text.prvIsQueueFull
                0x08015bec       0x30 ./Middlewares/Third_Party/FreeRTOS/Source/queue.o
 .text.vQueueAddToRegistry
                0x08015c1c       0x54 ./Middlewares/Third_Party/FreeRTOS/Source/queue.o
                0x08015c1c                vQueueAddToRegistry
 .text.vQueueUnregisterQueue
                0x08015c70       0x54 ./Middlewares/Third_Party/FreeRTOS/Source/queue.o
                0x08015c70                vQueueUnregisterQueue
 .text.vQueueWaitForMessageRestricted
                0x08015cc4       0x68 ./Middlewares/Third_Party/FreeRTOS/Source/queue.o
                0x08015cc4                vQueueWaitForMessageRestricted
 .text.xTaskCreateStatic
                0x08015d2c       0xc0 ./Middlewares/Third_Party/FreeRTOS/Source/tasks.o
                0x08015d2c                xTaskCreateStatic
 .text.xTaskCreate
                0x08015dec       0x8a ./Middlewares/Third_Party/FreeRTOS/Source/tasks.o
                0x08015dec                xTaskCreate
 .text.prvInitialiseNewTask
                0x08015e76      0x120 ./Middlewares/Third_Party/FreeRTOS/Source/tasks.o
 *fill*         0x08015f96        0x2 
 .text.prvAddNewTaskToReadyList
                0x08015f98       0xdc ./Middlewares/Third_Party/FreeRTOS/Source/tasks.o
 .text.vTaskDelay
                0x08016074       0x6c ./Middlewares/Third_Party/FreeRTOS/Source/tasks.o
                0x08016074                vTaskDelay
 .text.vTaskStartScheduler
                0x080160e0       0xd0 ./Middlewares/Third_Party/FreeRTOS/Source/tasks.o
                0x080160e0                vTaskStartScheduler
 .text.vTaskSuspendAll
                0x080161b0       0x1c ./Middlewares/Third_Party/FreeRTOS/Source/tasks.o
                0x080161b0                vTaskSuspendAll
 .text.xTaskResumeAll
                0x080161cc      0x13c ./Middlewares/Third_Party/FreeRTOS/Source/tasks.o
                0x080161cc                xTaskResumeAll
 .text.xTaskGetTickCount
                0x08016308       0x20 ./Middlewares/Third_Party/FreeRTOS/Source/tasks.o
                0x08016308                xTaskGetTickCount
 .text.xTaskGetTickCountFromISR
                0x08016328       0x24 ./Middlewares/Third_Party/FreeRTOS/Source/tasks.o
                0x08016328                xTaskGetTickCountFromISR
 .text.xTaskIncrementTick
                0x0801634c      0x184 ./Middlewares/Third_Party/FreeRTOS/Source/tasks.o
                0x0801634c                xTaskIncrementTick
 .text.vTaskSwitchContext
                0x080164d0       0xb8 ./Middlewares/Third_Party/FreeRTOS/Source/tasks.o
                0x080164d0                vTaskSwitchContext
 .text.vTaskPlaceOnEventList
                0x08016588       0x4c ./Middlewares/Third_Party/FreeRTOS/Source/tasks.o
                0x08016588                vTaskPlaceOnEventList
 .text.vTaskPlaceOnEventListRestricted
                0x080165d4       0x58 ./Middlewares/Third_Party/FreeRTOS/Source/tasks.o
                0x080165d4                vTaskPlaceOnEventListRestricted
 .text.xTaskRemoveFromEventList
                0x0801662c       0xc8 ./Middlewares/Third_Party/FreeRTOS/Source/tasks.o
                0x0801662c                xTaskRemoveFromEventList
 .text.vTaskInternalSetTimeOutState
                0x080166f4       0x2c ./Middlewares/Third_Party/FreeRTOS/Source/tasks.o
                0x080166f4                vTaskInternalSetTimeOutState
 .text.xTaskCheckForTimeOut
                0x08016720       0xc8 ./Middlewares/Third_Party/FreeRTOS/Source/tasks.o
                0x08016720                xTaskCheckForTimeOut
 .text.vTaskMissedYield
                0x080167e8       0x18 ./Middlewares/Third_Party/FreeRTOS/Source/tasks.o
                0x080167e8                vTaskMissedYield
 .text.prvIdleTask
                0x08016800       0x34 ./Middlewares/Third_Party/FreeRTOS/Source/tasks.o
 .text.prvInitialiseTaskLists
                0x08016834       0x80 ./Middlewares/Third_Party/FreeRTOS/Source/tasks.o
 .text.prvCheckTasksWaitingTermination
                0x080168b4       0x5c ./Middlewares/Third_Party/FreeRTOS/Source/tasks.o
 .text.prvDeleteTCB
                0x08016910       0x60 ./Middlewares/Third_Party/FreeRTOS/Source/tasks.o
 .text.prvResetNextTaskUnblockTime
                0x08016970       0x40 ./Middlewares/Third_Party/FreeRTOS/Source/tasks.o
 .text.xTaskGetSchedulerState
                0x080169b0       0x3c ./Middlewares/Third_Party/FreeRTOS/Source/tasks.o
                0x080169b0                xTaskGetSchedulerState
 .text.xTaskPriorityInherit
                0x080169ec       0xec ./Middlewares/Third_Party/FreeRTOS/Source/tasks.o
                0x080169ec                xTaskPriorityInherit
 .text.xTaskPriorityDisinherit
                0x08016ad8      0x110 ./Middlewares/Third_Party/FreeRTOS/Source/tasks.o
                0x08016ad8                xTaskPriorityDisinherit
 .text.vTaskPriorityDisinheritAfterTimeout
                0x08016be8      0x120 ./Middlewares/Third_Party/FreeRTOS/Source/tasks.o
                0x08016be8                vTaskPriorityDisinheritAfterTimeout
 .text.pvTaskIncrementMutexHeldCount
                0x08016d08       0x28 ./Middlewares/Third_Party/FreeRTOS/Source/tasks.o
                0x08016d08                pvTaskIncrementMutexHeldCount
 .text.prvAddCurrentTaskToDelayedList
                0x08016d30       0xcc ./Middlewares/Third_Party/FreeRTOS/Source/tasks.o
 .text.xTimerCreateTimerTask
                0x08016dfc       0x94 ./Middlewares/Third_Party/FreeRTOS/Source/timers.o
                0x08016dfc                xTimerCreateTimerTask
 .text.xTimerGenericCommand
                0x08016e90       0x9c ./Middlewares/Third_Party/FreeRTOS/Source/timers.o
                0x08016e90                xTimerGenericCommand
 .text.prvProcessExpiredTimer
                0x08016f2c       0x9c ./Middlewares/Third_Party/FreeRTOS/Source/timers.o
 .text.prvTimerTask
                0x08016fc8       0x26 ./Middlewares/Third_Party/FreeRTOS/Source/timers.o
 *fill*         0x08016fee        0x2 
 .text.prvProcessTimerOrBlockTask
                0x08016ff0       0x9c ./Middlewares/Third_Party/FreeRTOS/Source/timers.o
 .text.prvGetNextExpireTime
                0x0801708c       0x48 ./Middlewares/Third_Party/FreeRTOS/Source/timers.o
 .text.prvSampleTimeNow
                0x080170d4       0x40 ./Middlewares/Third_Party/FreeRTOS/Source/timers.o
 .text.prvInsertTimerInActiveList
                0x08017114       0x84 ./Middlewares/Third_Party/FreeRTOS/Source/timers.o
 .text.prvProcessReceivedCommands
                0x08017198      0x1cc ./Middlewares/Third_Party/FreeRTOS/Source/timers.o
 .text.prvSwitchTimerLists
                0x08017364       0xcc ./Middlewares/Third_Party/FreeRTOS/Source/timers.o
 .text.prvCheckForValidListAndQueue
                0x08017430       0x80 ./Middlewares/Third_Party/FreeRTOS/Source/timers.o
 .text.pxPortInitialiseStack
                0x080174b0       0x68 ./Middlewares/Third_Party/FreeRTOS/Source/portable/GCC/ARM_CM4F/port.o
                0x080174b0                pxPortInitialiseStack
 .text.prvTaskExitError
                0x08017518       0x5c ./Middlewares/Third_Party/FreeRTOS/Source/portable/GCC/ARM_CM4F/port.o
 *fill*         0x08017574        0xc 
 .text.SVC_Handler
                0x08017580       0x28 ./Middlewares/Third_Party/FreeRTOS/Source/portable/GCC/ARM_CM4F/port.o
                0x08017580                SVC_Handler
 .text.prvPortStartFirstTask
                0x080175a8       0x28 ./Middlewares/Third_Party/FreeRTOS/Source/portable/GCC/ARM_CM4F/port.o
 .text.xPortStartScheduler
                0x080175d0      0x148 ./Middlewares/Third_Party/FreeRTOS/Source/portable/GCC/ARM_CM4F/port.o
                0x080175d0                xPortStartScheduler
 .text.vPortEnterCritical
                0x08017718       0x64 ./Middlewares/Third_Party/FreeRTOS/Source/portable/GCC/ARM_CM4F/port.o
                0x08017718                vPortEnterCritical
 .text.vPortExitCritical
                0x0801777c       0x54 ./Middlewares/Third_Party/FreeRTOS/Source/portable/GCC/ARM_CM4F/port.o
                0x0801777c                vPortExitCritical
 .text.PendSV_Handler
                0x080177d0       0x68 ./Middlewares/Third_Party/FreeRTOS/Source/portable/GCC/ARM_CM4F/port.o
                0x080177d0                PendSV_Handler
 .text.SysTick_Handler
                0x08017838       0x44 ./Middlewares/Third_Party/FreeRTOS/Source/portable/GCC/ARM_CM4F/port.o
                0x08017838                SysTick_Handler
 .text.vPortSetupTimerInterrupt
                0x0801787c       0x48 ./Middlewares/Third_Party/FreeRTOS/Source/portable/GCC/ARM_CM4F/port.o
                0x0801787c                vPortSetupTimerInterrupt
 .text.vPortEnableVFP
                0x080178c4       0x14 ./Middlewares/Third_Party/FreeRTOS/Source/portable/GCC/ARM_CM4F/port.o
 .text.vPortValidateInterruptPriority
                0x080178d8       0x84 ./Middlewares/Third_Party/FreeRTOS/Source/portable/GCC/ARM_CM4F/port.o
                0x080178d8                vPortValidateInterruptPriority
 .text.pvPortMalloc
                0x0801795c      0x19c ./Middlewares/Third_Party/FreeRTOS/Source/portable/MemMang/heap_4.o
                0x0801795c                pvPortMalloc
 .text.vPortFree
                0x08017af8       0xc8 ./Middlewares/Third_Party/FreeRTOS/Source/portable/MemMang/heap_4.o
                0x08017af8                vPortFree
 .text.prvHeapInit
                0x08017bc0       0xc4 ./Middlewares/Third_Party/FreeRTOS/Source/portable/MemMang/heap_4.o
 .text.prvInsertBlockIntoFreeList
                0x08017c84       0xb4 ./Middlewares/Third_Party/FreeRTOS/Source/portable/MemMang/heap_4.o
 .text.atoi     0x08017d38        0x8 C:/ST/STM32CubeIDE_1.19.0/STM32CubeIDE/plugins/com.st.stm32cube.ide.mcu.externaltools.gnu-tools-for-stm32.13.3.rel1.win32_1.0.0.202411081344/tools/bin/../lib/gcc/arm-none-eabi/13.3.1/../../../../arm-none-eabi/lib/thumb/v7e-m+dp/hard\libc_nano.a(libc_a-atoi.o)
                0x08017d38                atoi
 .text._strtol_l.isra.0
                0x08017d40       0xf4 C:/ST/STM32CubeIDE_1.19.0/STM32CubeIDE/plugins/com.st.stm32cube.ide.mcu.externaltools.gnu-tools-for-stm32.13.3.rel1.win32_1.0.0.202411081344/tools/bin/../lib/gcc/arm-none-eabi/13.3.1/../../../../arm-none-eabi/lib/thumb/v7e-m+dp/hard\libc_nano.a(libc_a-strtol.o)
 .text.strtol   0x08017e34       0x14 C:/ST/STM32CubeIDE_1.19.0/STM32CubeIDE/plugins/com.st.stm32cube.ide.mcu.externaltools.gnu-tools-for-stm32.13.3.rel1.win32_1.0.0.202411081344/tools/bin/../lib/gcc/arm-none-eabi/13.3.1/../../../../arm-none-eabi/lib/thumb/v7e-m+dp/hard\libc_nano.a(libc_a-strtol.o)
                0x08017e34                strtol
 .text._strtoll_l.isra.0
                0x08017e48      0x11c C:/ST/STM32CubeIDE_1.19.0/STM32CubeIDE/plugins/com.st.stm32cube.ide.mcu.externaltools.gnu-tools-for-stm32.13.3.rel1.win32_1.0.0.202411081344/tools/bin/../lib/gcc/arm-none-eabi/13.3.1/../../../../arm-none-eabi/lib/thumb/v7e-m+dp/hard\libc_nano.a(libc_a-strtoll.o)
 .text.strtoll  0x08017f64       0x14 C:/ST/STM32CubeIDE_1.19.0/STM32CubeIDE/plugins/com.st.stm32cube.ide.mcu.externaltools.gnu-tools-for-stm32.13.3.rel1.win32_1.0.0.202411081344/tools/bin/../lib/gcc/arm-none-eabi/13.3.1/../../../../arm-none-eabi/lib/thumb/v7e-m+dp/hard\libc_nano.a(libc_a-strtoll.o)
                0x08017f64                strtoll
 .text.std      0x08017f78       0x6c C:/ST/STM32CubeIDE_1.19.0/STM32CubeIDE/plugins/com.st.stm32cube.ide.mcu.externaltools.gnu-tools-for-stm32.13.3.rel1.win32_1.0.0.202411081344/tools/bin/../lib/gcc/arm-none-eabi/13.3.1/../../../../arm-none-eabi/lib/thumb/v7e-m+dp/hard\libc_nano.a(libc_a-findfp.o)
 .text.stdio_exit_handler
                0x08017fe4       0x18 C:/ST/STM32CubeIDE_1.19.0/STM32CubeIDE/plugins/com.st.stm32cube.ide.mcu.externaltools.gnu-tools-for-stm32.13.3.rel1.win32_1.0.0.202411081344/tools/bin/../lib/gcc/arm-none-eabi/13.3.1/../../../../arm-none-eabi/lib/thumb/v7e-m+dp/hard\libc_nano.a(libc_a-findfp.o)
 .text.cleanup_stdio
                0x08017ffc       0x40 C:/ST/STM32CubeIDE_1.19.0/STM32CubeIDE/plugins/com.st.stm32cube.ide.mcu.externaltools.gnu-tools-for-stm32.13.3.rel1.win32_1.0.0.202411081344/tools/bin/../lib/gcc/arm-none-eabi/13.3.1/../../../../arm-none-eabi/lib/thumb/v7e-m+dp/hard\libc_nano.a(libc_a-findfp.o)
 .text.global_stdio_init.part.0
                0x0801803c       0x3c C:/ST/STM32CubeIDE_1.19.0/STM32CubeIDE/plugins/com.st.stm32cube.ide.mcu.externaltools.gnu-tools-for-stm32.13.3.rel1.win32_1.0.0.202411081344/tools/bin/../lib/gcc/arm-none-eabi/13.3.1/../../../../arm-none-eabi/lib/thumb/v7e-m+dp/hard\libc_nano.a(libc_a-findfp.o)
 .text.__sfp_lock_acquire
                0x08018078        0xc C:/ST/STM32CubeIDE_1.19.0/STM32CubeIDE/plugins/com.st.stm32cube.ide.mcu.externaltools.gnu-tools-for-stm32.13.3.rel1.win32_1.0.0.202411081344/tools/bin/../lib/gcc/arm-none-eabi/13.3.1/../../../../arm-none-eabi/lib/thumb/v7e-m+dp/hard\libc_nano.a(libc_a-findfp.o)
                0x08018078                __sfp_lock_acquire
 .text.__sfp_lock_release
                0x08018084        0xc C:/ST/STM32CubeIDE_1.19.0/STM32CubeIDE/plugins/com.st.stm32cube.ide.mcu.externaltools.gnu-tools-for-stm32.13.3.rel1.win32_1.0.0.202411081344/tools/bin/../lib/gcc/arm-none-eabi/13.3.1/../../../../arm-none-eabi/lib/thumb/v7e-m+dp/hard\libc_nano.a(libc_a-findfp.o)
                0x08018084                __sfp_lock_release
 .text.__sinit  0x08018090       0x30 C:/ST/STM32CubeIDE_1.19.0/STM32CubeIDE/plugins/com.st.stm32cube.ide.mcu.externaltools.gnu-tools-for-stm32.13.3.rel1.win32_1.0.0.202411081344/tools/bin/../lib/gcc/arm-none-eabi/13.3.1/../../../../arm-none-eabi/lib/thumb/v7e-m+dp/hard\libc_nano.a(libc_a-findfp.o)
                0x08018090                __sinit
 .text._fwalk_sglue
                0x080180c0       0x3c C:/ST/STM32CubeIDE_1.19.0/STM32CubeIDE/plugins/com.st.stm32cube.ide.mcu.externaltools.gnu-tools-for-stm32.13.3.rel1.win32_1.0.0.202411081344/tools/bin/../lib/gcc/arm-none-eabi/13.3.1/../../../../arm-none-eabi/lib/thumb/v7e-m+dp/hard\libc_nano.a(libc_a-fwalk.o)
                0x080180c0                _fwalk_sglue
 .text.__sread  0x080180fc       0x22 C:/ST/STM32CubeIDE_1.19.0/STM32CubeIDE/plugins/com.st.stm32cube.ide.mcu.externaltools.gnu-tools-for-stm32.13.3.rel1.win32_1.0.0.202411081344/tools/bin/../lib/gcc/arm-none-eabi/13.3.1/../../../../arm-none-eabi/lib/thumb/v7e-m+dp/hard\libc_nano.a(libc_a-stdio.o)
                0x080180fc                __sread
 .text.__swrite
                0x0801811e       0x38 C:/ST/STM32CubeIDE_1.19.0/STM32CubeIDE/plugins/com.st.stm32cube.ide.mcu.externaltools.gnu-tools-for-stm32.13.3.rel1.win32_1.0.0.202411081344/tools/bin/../lib/gcc/arm-none-eabi/13.3.1/../../../../arm-none-eabi/lib/thumb/v7e-m+dp/hard\libc_nano.a(libc_a-stdio.o)
                0x0801811e                __swrite
 .text.__sseek  0x08018156       0x24 C:/ST/STM32CubeIDE_1.19.0/STM32CubeIDE/plugins/com.st.stm32cube.ide.mcu.externaltools.gnu-tools-for-stm32.13.3.rel1.win32_1.0.0.202411081344/tools/bin/../lib/gcc/arm-none-eabi/13.3.1/../../../../arm-none-eabi/lib/thumb/v7e-m+dp/hard\libc_nano.a(libc_a-stdio.o)
                0x08018156                __sseek
 .text.__sclose
                0x0801817a        0x8 C:/ST/STM32CubeIDE_1.19.0/STM32CubeIDE/plugins/com.st.stm32cube.ide.mcu.externaltools.gnu-tools-for-stm32.13.3.rel1.win32_1.0.0.202411081344/tools/bin/../lib/gcc/arm-none-eabi/13.3.1/../../../../arm-none-eabi/lib/thumb/v7e-m+dp/hard\libc_nano.a(libc_a-stdio.o)
                0x0801817a                __sclose
 .text.memset   0x08018182       0x10 C:/ST/STM32CubeIDE_1.19.0/STM32CubeIDE/plugins/com.st.stm32cube.ide.mcu.externaltools.gnu-tools-for-stm32.13.3.rel1.win32_1.0.0.202411081344/tools/bin/../lib/gcc/arm-none-eabi/13.3.1/../../../../arm-none-eabi/lib/thumb/v7e-m+dp/hard\libc_nano.a(libc_a-memset.o)
                0x08018182                memset
 .text.strchr   0x08018192       0x1a C:/ST/STM32CubeIDE_1.19.0/STM32CubeIDE/plugins/com.st.stm32cube.ide.mcu.externaltools.gnu-tools-for-stm32.13.3.rel1.win32_1.0.0.202411081344/tools/bin/../lib/gcc/arm-none-eabi/13.3.1/../../../../arm-none-eabi/lib/thumb/v7e-m+dp/hard\libc_nano.a(libc_a-strchr.o)
                0x08018192                strchr
 .text.strstr   0x080181ac       0x2c C:/ST/STM32CubeIDE_1.19.0/STM32CubeIDE/plugins/com.st.stm32cube.ide.mcu.externaltools.gnu-tools-for-stm32.13.3.rel1.win32_1.0.0.202411081344/tools/bin/../lib/gcc/arm-none-eabi/13.3.1/../../../../arm-none-eabi/lib/thumb/v7e-m+dp/hard\libc_nano.a(libc_a-strstr.o)
                0x080181ac                strstr
 .text.gmtime   0x080181d8       0x3c C:/ST/STM32CubeIDE_1.19.0/STM32CubeIDE/plugins/com.st.stm32cube.ide.mcu.externaltools.gnu-tools-for-stm32.13.3.rel1.win32_1.0.0.202411081344/tools/bin/../lib/gcc/arm-none-eabi/13.3.1/../../../../arm-none-eabi/lib/thumb/v7e-m+dp/hard\libc_nano.a(libc_a-gmtime.o)
                0x080181d8                gmtime
 .text.gmtime_r
                0x08018214      0x14c C:/ST/STM32CubeIDE_1.19.0/STM32CubeIDE/plugins/com.st.stm32cube.ide.mcu.externaltools.gnu-tools-for-stm32.13.3.rel1.win32_1.0.0.202411081344/tools/bin/../lib/gcc/arm-none-eabi/13.3.1/../../../../arm-none-eabi/lib/thumb/v7e-m+dp/hard\libc_nano.a(libc_a-gmtime_r.o)
                0x08018214                gmtime_r
 .text._close_r
                0x08018360       0x20 C:/ST/STM32CubeIDE_1.19.0/STM32CubeIDE/plugins/com.st.stm32cube.ide.mcu.externaltools.gnu-tools-for-stm32.13.3.rel1.win32_1.0.0.202411081344/tools/bin/../lib/gcc/arm-none-eabi/13.3.1/../../../../arm-none-eabi/lib/thumb/v7e-m+dp/hard\libc_nano.a(libc_a-closer.o)
                0x08018360                _close_r
 .text._lseek_r
                0x08018380       0x24 C:/ST/STM32CubeIDE_1.19.0/STM32CubeIDE/plugins/com.st.stm32cube.ide.mcu.externaltools.gnu-tools-for-stm32.13.3.rel1.win32_1.0.0.202411081344/tools/bin/../lib/gcc/arm-none-eabi/13.3.1/../../../../arm-none-eabi/lib/thumb/v7e-m+dp/hard\libc_nano.a(libc_a-lseekr.o)
                0x08018380                _lseek_r