../Application/_smtp.c:28:9:GetEmailState	4	static
../Application/_smtp.c:32:7:GetStrEmailState	8	static
../Application/_smtp.c:55:5:GetEmailCode	4	static
../Application/_smtp.c:59:6:SetEmailState	16	static
../Application/_smtp.c:63:6:SetEmailCode	16	static
../Application/_smtp.c:68:13:encodeblock	24	static
../Application/_smtp.c:76:6:base64_enc	40	static
../Application/_smtp.c:105:7:base64_enc2	40	static
../Application/_smtp.c:140:13:decodeblock	16	static
../Application/_smtp.c:147:6:base64_dec	56	static
../Application/_smtp.c:205:6:SendEmail	16	static
../Application/_smtp.c:216:7:GetTitleEmail	8	static
../Application/_smtp.c:233:15:GetDataEmail	24	static
../Application/_smtp.c:271:6:DefaultSettingsEmail	16	static
