../Application/esp32wroom.c:97:6:DefaultSettingsWIFI	16	static
../Application/esp32wroom.c:130:12:GetAnswerDelay	4	static
../Application/esp32wroom.c:149:13:ChangeUartBuadRate	16	static
../Application/esp32wroom.c:164:13:StartDMA	24	static,ignoring_inline_asm
../Application/esp32wroom.c:174:13:RestartDMA	8	static
../Application/esp32wroom.c:180:12:SendToEsp	24	static
../Application/esp32wroom.c:187:12:SendToEsp_DMA	32	static,ignoring_inline_asm
../Application/esp32wroom.c:194:13:isAnythingRecv	4	static
../Application/esp32wroom.c:202:13:DisplayRequestGET	24	static
../Application/esp32wroom.c:213:6:vTestATcommand	8	static
../Application/esp32wroom.c:221:6:ESP_Send	16	static
../Application/esp32wroom.c:222:6:ESP_Recv	8	static
../Application/esp32wroom.c:224:6:vDNSdomain	8	static
../Application/esp32wroom.c:232:6:vRestoreESP	8	static
../Application/esp32wroom.c:240:13:GetSizeAndChannel	32	static
../Application/esp32wroom.c:269:12:GetDMACountByte	4	static
../Application/esp32wroom.c:274:12:vSendDataPacket	104	static
../Application/esp32wroom.c:317:12:vCloseConnection	24	static
../Application/esp32wroom.c:334:12:vSendData	40	static
../Application/esp32wroom.c:369:12:vSendDataHTTP	24	static
../Application/esp32wroom.c:378:12:vSendDataSMTP	24	static
../Application/esp32wroom.c:391:12:vSendCommandSMTP	24	static
../Application/esp32wroom.c:402:12:GetRecvCodeEmail	32	static
../Application/esp32wroom.c:433:14:vWaitForRecv	32	static
../Application/esp32wroom.c:456:12:vGetEmailRecvCode	32	static
../Application/esp32wroom.c:488:13:SendDummyData	16	static
../Application/esp32wroom.c:499:12:GetHttpPort	8	static
../Application/esp32wroom.c:510:12:vStartServer	16	static
../Application/esp32wroom.c:526:12:vStopServer	16	static
../Application/esp32wroom.c:542:6:vRestartWifiServer	8	static
../Application/esp32wroom.c:549:13:vCheckEmailAnswer	24	static
../Application/esp32wroom.c:569:13:EmailSendStart	48	static
../Application/esp32wroom.c:608:13:ErrorServiceSMTP	8	static
../Application/esp32wroom.c:632:12:vGetConnectionResultToSTA	16	static
../Application/esp32wroom.c:673:13:GetAddressesForConnection	24	static
../Application/esp32wroom.c:692:13:vQueryAndReplaceEmailAddrName2AddrIP	24	static
../Application/esp32wroom.c:732:12:vQueryAndLoadTimeFromSNTP	64	static
../Application/esp32wroom.c:783:13:vLoadTime	32	static
../Application/esp32wroom.c:791:6:vtaskWifi	88	static
../Application/esp32wroom.c:1166:6:CreateWifiTask	16	static
../Application/esp32wroom.c:1171:6:CloseWifiTask	8	static
../Application/esp32wroom.c:1178:6:RestartWifiTask	8	static
../Application/esp32wroom.c:1185:6:WIFI_UartErrorService	4	static
../Application/esp32wroom.c:1190:6:WIFI_RxCallbackService	8	static
