../Application/General_Utilities/common.c:17:9:_Int	16	static
../Application/General_Utilities/common.c:18:11:_Uint8	16	static
../Application/General_Utilities/common.c:19:11:_Uint16	16	static
../Application/General_Utilities/common.c:20:12:_Uint32	16	static
../Application/General_Utilities/common.c:21:11:_Int16	16	static
../Application/General_Utilities/common.c:22:11:_Int32	16	static
../Application/General_Utilities/common.c:23:9:_Float	16	static
../Application/General_Utilities/common.c:24:10:_Double	16	static
../Application/General_Utilities/common.c:26:5:_ReturnVal	16	static
../Application/General_Utilities/common.c:27:5:_ReturnVal2	24	static
../Application/General_Utilities/common.c:28:5:_ReturnVal3	24	static
../Application/General_Utilities/common.c:30:5:_RetVal	16	static
../Application/General_Utilities/common.c:31:5:_RetVal2	24	static
../Application/General_Utilities/common.c:32:5:_RetVal3	24	static
../Application/General_Utilities/common.c:34:16:RetStructPos	32	static
../Application/General_Utilities/common.c:36:6:Int16ToCharBuff	16	static
../Application/General_Utilities/common.c:40:6:Int32ToCharBuff	16	static
../Application/General_Utilities/common.c:46:10:CharBuffToInt16	16	static
../Application/General_Utilities/common.c:49:10:CharBuffToInt32	16	static
../Application/General_Utilities/common.c:53:5:FV	24	static
../Application/General_Utilities/common.c:64:5:FV2	24	static
../Application/General_Utilities/common.c:76:13:CALCULATE_MinMaxAvr	72	static
../Application/General_Utilities/common.c:151:5:COMPARE_2Struct	144	static
../Application/General_Utilities/common.c:178:6:SORT_Bubble	32	static
../Application/General_Utilities/common.c:189:6:AVR_Calc	40	static
