../Application/General_Utilities/timer.c:30:6:InitAllMutex	8	static
../Application/General_Utilities/timer.c:35:10:TakeMutex	16	static
../Application/General_Utilities/timer.c:43:6:GiveMutex	16	static
../Application/General_Utilities/timer.c:49:10:TakeMutex2	16	static
../Application/General_Utilities/timer.c:53:6:GiveMutex2	16	static
../Application/General_Utilities/timer.c:59:6:AllTimeReset	16	static
../Application/General_Utilities/timer.c:64:6:TimeReset	16	static
../Application/General_Utilities/timer.c:69:5:IsTimeout	16	static
../Application/General_Utilities/timer.c:79:6:StartMeasureTime	16	static
../Application/General_Utilities/timer.c:84:10:StopMeasureTime	32	static
../Application/General_Utilities/timer.c:97:5:_CheckTickCount	24	static
../Application/General_Utilities/timer.c:110:10:vTimerService	32	static
