../FATFS/Target/sd_diskio.c:138:12:SD_CheckStatusWithTimeout	24	static
../FATFS/Target/sd_diskio.c:159:16:SD_CheckStatus	16	static
../FATFS/Target/sd_diskio.c:176:9:SD_initialize	40	static
../FATFS/Target/sd_diskio.c:233:9:SD_status	16	static
../FATFS/Target/sd_diskio.c:250:9:SD_read	104	static,ignoring_inline_asm
../FATFS/Target/sd_diskio.c:411:9:SD_write	104	static,ignoring_inline_asm
../FATFS/Target/sd_diskio.c:578:9:SD_ioctl	56	static
../FATFS/Target/sd_diskio.c:633:6:BSP_SD_WriteCpltCallback	8	static
../FATFS/Target/sd_diskio.c:653:6:BSP_SD_ReadCpltCallback	8	static
